Component: ARM Compiler 5.06 update 6 (build 750) Tool: armlink [4d35ed]

==============================================================================

Section Cross References

    startup_stm32f429xx.o(RESET) refers to startup_stm32f429xx.o(STACK) for __initial_sp
    startup_stm32f429xx.o(RESET) refers to startup_stm32f429xx.o(.text) for Reset_Handler
    startup_stm32f429xx.o(RESET) refers to stm32f4xx_it.o(i.NMI_Handler) for NMI_Handler
    startup_stm32f429xx.o(RESET) refers to stm32f4xx_it.o(i.HardFault_Handler) for HardFault_Handler
    startup_stm32f429xx.o(RESET) refers to stm32f4xx_it.o(i.MemManage_Handler) for MemManage_Handler
    startup_stm32f429xx.o(RESET) refers to stm32f4xx_it.o(i.BusFault_Handler) for BusFault_Handler
    startup_stm32f429xx.o(RESET) refers to stm32f4xx_it.o(i.UsageFault_Handler) for UsageFault_Handler
    startup_stm32f429xx.o(RESET) refers to stm32f4xx_it.o(i.SVC_Handler) for SVC_Handler
    startup_stm32f429xx.o(RESET) refers to stm32f4xx_it.o(i.DebugMon_Handler) for DebugMon_Handler
    startup_stm32f429xx.o(RESET) refers to stm32f4xx_it.o(i.PendSV_Handler) for PendSV_Handler
    startup_stm32f429xx.o(RESET) refers to stm32f4xx_it.o(i.SysTick_Handler) for SysTick_Handler
    startup_stm32f429xx.o(RESET) refers to stm32f4xx_it.o(i.TIM5_IRQHandler) for TIM5_IRQHandler
    startup_stm32f429xx.o(RESET) refers to stm32f4xx_it.o(i.UART5_IRQHandler) for UART5_IRQHandler
    startup_stm32f429xx.o(.text) refers to system_stm32f4xx.o(i.SystemInit) for SystemInit
    startup_stm32f429xx.o(.text) refers to entry.o(.ARM.Collect$$$$00000000) for __main
    mcnamu_wheel_drive.o(i.PIDCalc) refers to dadd.o(.text) for __aeabi_dsub
    mcnamu_wheel_drive.o(i.PIDCalc) refers to cdrcmple.o(.text) for __aeabi_cdrcmple
    mcnamu_wheel_drive.o(i.PIDCalc) refers to cdcmple.o(.text) for __aeabi_cdcmple
    mcnamu_wheel_drive.o(i.PIDCalc) refers to dmul.o(.text) for __aeabi_dmul
    mcnamu_wheel_drive.o(i.all_directions) refers to f2d.o(.text) for __aeabi_f2d
    mcnamu_wheel_drive.o(i.all_directions) refers to cos.o(i.__hardfp_cos) for __hardfp_cos
    mcnamu_wheel_drive.o(i.all_directions) refers to dflti.o(.text) for __aeabi_i2d
    mcnamu_wheel_drive.o(i.all_directions) refers to dmul.o(.text) for __aeabi_dmul
    mcnamu_wheel_drive.o(i.all_directions) refers to dfixi.o(.text) for __aeabi_d2iz
    mcnamu_wheel_drive.o(i.all_directions) refers to sin.o(i.__hardfp_sin) for __hardfp_sin
    mcnamu_wheel_drive.o(i.all_directions) refers to printfa.o(i.__0printf) for __2printf
    mcnamu_wheel_drive.o(i.all_directions) refers to main.o(.bss) for wheel_speed_1
    mcnamu_wheel_drive.o(i.wheel1_speed_set) refers to stm32f4xx_hal_gpio.o(i.HAL_GPIO_WritePin) for HAL_GPIO_WritePin
    mcnamu_wheel_drive.o(i.wheel1_speed_set) refers to tim.o(.bss) for htim8
    mcnamu_wheel_drive.o(i.wheel2_speed_set) refers to stm32f4xx_hal_gpio.o(i.HAL_GPIO_WritePin) for HAL_GPIO_WritePin
    mcnamu_wheel_drive.o(i.wheel2_speed_set) refers to tim.o(.bss) for htim8
    mcnamu_wheel_drive.o(i.wheel3_speed_set) refers to stm32f4xx_hal_gpio.o(i.HAL_GPIO_WritePin) for HAL_GPIO_WritePin
    mcnamu_wheel_drive.o(i.wheel3_speed_set) refers to tim.o(.bss) for htim9
    mcnamu_wheel_drive.o(i.wheel4_speed_set) refers to stm32f4xx_hal_gpio.o(i.HAL_GPIO_WritePin) for HAL_GPIO_WritePin
    mcnamu_wheel_drive.o(i.wheel4_speed_set) refers to tim.o(.bss) for htim11
    seekfree_ips114_spi.o(i.ips114_clear) refers to seekfree_ips114_spi.o(i.ips114_set_region) for ips114_set_region
    seekfree_ips114_spi.o(i.ips114_clear) refers to seekfree_ips114_spi.o(i.ips114_writedata_16bit) for ips114_writedata_16bit
    seekfree_ips114_spi.o(i.ips114_display_chinese) refers to seekfree_ips114_spi.o(i.ips114_set_region) for ips114_set_region
    seekfree_ips114_spi.o(i.ips114_display_chinese) refers to seekfree_ips114_spi.o(i.ips114_writedata_16bit) for ips114_writedata_16bit
    seekfree_ips114_spi.o(i.ips114_displayimage032) refers to seekfree_ips114_spi.o(i.ips114_set_region) for ips114_set_region
    seekfree_ips114_spi.o(i.ips114_displayimage032) refers to seekfree_ips114_spi.o(i.ips114_writedata_16bit) for ips114_writedata_16bit
    seekfree_ips114_spi.o(i.ips114_displayimage032_zoom) refers to seekfree_ips114_spi.o(i.ips114_set_region) for ips114_set_region
    seekfree_ips114_spi.o(i.ips114_displayimage032_zoom) refers to seekfree_ips114_spi.o(i.ips114_writedata_16bit) for ips114_writedata_16bit
    seekfree_ips114_spi.o(i.ips114_displayimage7725) refers to seekfree_ips114_spi.o(i.ips114_set_region) for ips114_set_region
    seekfree_ips114_spi.o(i.ips114_displayimage7725) refers to seekfree_ips114_spi.o(i.ips114_writedata_16bit) for ips114_writedata_16bit
    seekfree_ips114_spi.o(i.ips114_drawpoint) refers to seekfree_ips114_spi.o(i.ips114_set_region) for ips114_set_region
    seekfree_ips114_spi.o(i.ips114_drawpoint) refers to seekfree_ips114_spi.o(i.ips114_writedata_16bit) for ips114_writedata_16bit
[...]
    ../clib/microlib/printf/printf.c         0x00000000   Number         0  printf2.o ABSOLUTE
    ../clib/microlib/printf/printf.c         0x00000000   Number         0  printf1.o ABSOLUTE
    ../clib/microlib/printf/printf.c         0x00000000   Number         0  printf8.o ABSOLUTE
    ../clib/microlib/printf/printf.c         0x00000000   Number         0  printfa.o ABSOLUTE
    ../clib/microlib/printf/printf.c         0x00000000   Number         0  printfb.o ABSOLUTE
    ../clib/microlib/printf/printf.c         0x00000000   Number         0  printf4.o ABSOLUTE
    ../clib/microlib/printf/printf.c         0x00000000   Number         0  printf0.o ABSOLUTE
    ../clib/microlib/printf/printf.c         0x00000000   Number         0  printf6.o ABSOLUTE
    ../clib/microlib/printf/printf.c         0x00000000   Number         0  printf5.o ABSOLUTE
    ../clib/microlib/printf/stubs.s          0x00000000   Number         0  stubs.o ABSOLUTE
    ../clib/microlib/stdio/streams.c         0x00000000   Number         0  stdout.o ABSOLUTE
    ../clib/microlib/string/memset.c         0x00000000   Number         0  memseta.o ABSOLUTE
    ../clib/microlib/stubs.s                 0x00000000   Number         0  iusefp.o ABSOLUTE
    ../fplib/microlib/d2f.c                  0x00000000   Number         0  d2f.o ABSOLUTE
    ../fplib/microlib/f2d.c                  0x00000000   Number         0  f2d.o ABSOLUTE
    ../fplib/microlib/fpadd.c                0x00000000   Number         0  dadd.o ABSOLUTE
    ../fplib/microlib/fpdiv.c                0x00000000   Number         0  ddiv.o ABSOLUTE
    ../fplib/microlib/fpepilogue.c           0x00000000   Number         0  depilogue.o ABSOLUTE
    ../fplib/microlib/fpepilogue.c           0x00000000   Number         0  fepilogue.o ABSOLUTE
    ../fplib/microlib/fpfix.c                0x00000000   Number         0  dfixul.o ABSOLUTE
    ../fplib/microlib/fpfix.c                0x00000000   Number         0  dfixi.o ABSOLUTE
    ../fplib/microlib/fpflt.c                0x00000000   Number         0  dfltui.o ABSOLUTE
    ../fplib/microlib/fpflt.c                0x00000000   Number         0  dflti.o ABSOLUTE
    ../fplib/microlib/fpmul.c                0x00000000   Number         0  dmul.o ABSOLUTE
    ../fplib/microlib/fpneg.c                0x00000000   Number         0  dneg.o ABSOLUTE
    ../mathlib/cos.c                         0x00000000   Number         0  cos.o ABSOLUTE
    ../mathlib/cos.c                         0x00000000   Number         0  cos_x.o ABSOLUTE
    ../mathlib/cos_i.c                       0x00000000   Number         0  cos_i.o ABSOLUTE
    ../mathlib/dunder.c                      0x00000000   Number         0  dunder.o ABSOLUTE
    ../mathlib/fabs.c                        0x00000000   Number         0  fabs.o ABSOLUTE
    ../mathlib/fpclassify.c                  0x00000000   Number         0  fpclassify.o ABSOLUTE
    ../mathlib/poly.c                        0x00000000   Number         0  poly.o ABSOLUTE
    ../mathlib/rred.c                        0x00000000   Number         0  rred.o ABSOLUTE
    ../mathlib/sin.c                         0x00000000   Number         0  sin.o ABSOLUTE
    ../mathlib/sin.c                         0x00000000   Number         0  sin_x.o ABSOLUTE
    ../mathlib/sin_i.c                       0x00000000   Number         0  sin_i.o ABSOLUTE
    ../mathlib/sin_i.c                       0x00000000   Number         0  sin_i_x.o ABSOLUTE
    ..\Core\Src\gpio.c                       0x00000000   Number         0  gpio.o ABSOLUTE
    ..\Core\Src\main.c                       0x00000000   Number         0  main.o ABSOLUTE
    ..\Core\Src\stm32f4xx_hal_msp.c          0x00000000   Number         0  stm32f4xx_hal_msp.o ABSOLUTE
    ..\Core\Src\stm32f4xx_it.c               0x00000000   Number         0  stm32f4xx_it.o ABSOLUTE
    ..\Core\Src\system_stm32f4xx.c           0x00000000   Number         0  system_stm32f4xx.o ABSOLUTE
    ..\Core\Src\tim.c                        0x00000000   Number         0  tim.o ABSOLUTE
    ..\Core\Src\usart.c                      0x00000000   Number         0  usart.o ABSOLUTE
    ..\Drivers\STM32F4xx_HAL_Driver\Src\stm32f4xx_hal.c 0x00000000   Number         0  stm32f4xx_hal.o ABSOLUTE
    ..\Drivers\STM32F4xx_HAL_Driver\Src\stm32f4xx_hal_cortex.c 0x00000000   Number         0  stm32f4xx_hal_cortex.o ABSOLUTE
    ..\Drivers\STM32F4xx_HAL_Driver\Src\stm32f4xx_hal_dma.c 0x00000000   Number         0  stm32f4xx_hal_dma.o ABSOLUTE
    ..\Drivers\STM32F4xx_HAL_Driver\Src\stm32f4xx_hal_dma_ex.c 0x00000000   Number         0  stm32f4xx_hal_dma_ex.o ABSOLUTE
    ..\Drivers\STM32F4xx_HAL_Driver\Src\stm32f4xx_hal_exti.c 0x00000000   Number         0  stm32f4xx_hal_exti.o ABSOLUTE
    ..\Drivers\STM32F4xx_HAL_Driver\Src\stm32f4xx_hal_flash.c 0x00000000   Number         0  stm32f4xx_hal_flash.o ABSOLUTE
    ..\Drivers\STM32F4xx_HAL_Driver\Src\stm32f4xx_hal_flash_ex.c 0x00000000   Number         0  stm32f4xx_hal_flash_ex.o ABSOLUTE
    ..\Drivers\STM32F4xx_HAL_Driver\Src\stm32f4xx_hal_flash_ramfunc.c 0x00000000   Number         0  stm32f4xx_hal_flash_ramfunc.o ABSOLUTE
    ..\Drivers\STM32F4xx_HAL_Driver\Src\stm32f4xx_hal_gpio.c 0x00000000   Number         0  stm32f4xx_hal_gpio.o ABSOLUTE
    ..\Drivers\STM32F4xx_HAL_Driver\Src\stm32f4xx_hal_pwr.c 0x00000000   Number         0  stm32f4xx_hal_pwr.o ABSOLUTE
    ..\Drivers\STM32F4xx_HAL_Driver\Src\stm32f4xx_hal_pwr_ex.c 0x00000000   Number         0  stm32f4xx_hal_pwr_ex.o ABSOLUTE
    ..\Drivers\STM32F4xx_HAL_Driver\Src\stm32f4xx_hal_rcc.c 0x00000000   Number         0  stm32f4xx_hal_rcc.o ABSOLUTE
    ..\Drivers\STM32F4xx_HAL_Driver\Src\stm32f4xx_hal_rcc_ex.c 0x00000000   Number         0  stm32f4xx_hal_rcc_ex.o ABSOLUTE
    ..\Drivers\STM32F4xx_HAL_Driver\Src\stm32f4xx_hal_tim.c 0x00000000   Number         0  stm32f4xx_hal_tim.o ABSOLUTE
    ..\Drivers\STM32F4xx_HAL_Driver\Src\stm32f4xx_hal_tim_ex.c 0x00000000   Number         0  stm32f4xx_hal_tim_ex.o ABSOLUTE
    ..\Drivers\STM32F4xx_HAL_Driver\Src\stm32f4xx_hal_uart.c 0x00000000   Number         0  stm32f4xx_hal_uart.o ABSOLUTE
    Mcnamu_wheel_drive\Mcnamu_wheel_drive.c  0x00000000   Number         0  mcnamu_wheel_drive.o ABSOLUTE
    Mcnamu_wheel_drive\\Mcnamu_wheel_drive.c 0x00000000   Number         0  mcnamu_wheel_drive.o ABSOLUTE
    cdcmple.s                                0x00000000   Number         0  cdcmple.o ABSOLUTE
    cdrcmple.s                               0x00000000   Number         0  cdrcmple.o ABSOLUTE
    dc.s                                     0x00000000   Number         0  dc.o ABSOLUTE
    handlers.s                               0x00000000   Number         0  handlers.o ABSOLUTE
    init.s                                   0x00000000   Number         0  init.o ABSOLUTE
    ips114\SEEKFREE_FONT.c                   0x00000000   Number         0  seekfree_font.o ABSOLUTE
    ips114\SEEKFREE_IPS114_SPI.c             0x00000000   Number         0  seekfree_ips114_spi.o ABSOLUTE
    ips114\\SEEKFREE_FONT.c                  0x00000000   Number         0  seekfree_font.o ABSOLUTE
    ips114\\SEEKFREE_IPS114_SPI.c            0x00000000   Number         0  seekfree_ips114_spi.o ABSOLUTE
    startup_stm32f429xx.s                    0x00000000   Number         0  startup_stm32f429xx.o ABSOLUTE
    RESET                                    0x08000000   Section      428  startup_stm32f429xx.o(RESET)
    .ARM.Collect$$$$00000000                 0x080001ac   Section        0  entry.o(.ARM.Collect$$$$00000000)
    .ARM.Collect$$$$00000001                 0x080001ac   Section        4  entry2.o(.ARM.Collect$$$$00000001)
    .ARM.Collect$$$$00000004                 0x080001b0   Section        4  entry5.o(.ARM.Collect$$$$00000004)
    .ARM.Collect$$$$00000008                 0x080001b4   Section        0  entry7b.o(.ARM.Collect$$$$00000008)
    .ARM.Collect$$$$0000000A                 0x080001b4   Section        0  entry8b.o(.ARM.Collect$$$$0000000A)
    .ARM.Collect$$$$0000000B                 0x080001b4   Section        8  entry9a.o(.ARM.Collect$$$$0000000B)
    .ARM.Collect$$$$0000000D                 0x080001bc   Section        0  entry10a.o(.ARM.Collect$$$$0000000D)
    .ARM.Collect$$$$0000000F                 0x080001bc   Section        0  entry11a.o(.ARM.Collect$$$$0000000F)
    .ARM.Collect$$$$00002712                 0x080001bc   Section        4  entry2.o(.ARM.Collect$$$$00002712)
    __lit__00000000                          0x080001bc   Data           4  entry2.o(.ARM.Collect$$$$00002712)
    .text                                    0x080001c0   Section       36  startup_stm32f429xx.o(.text)
    $v0                                      0x080001c0   Number         0  startup_stm32f429xx.o(.text)
    .text                                    0x080001e4   Section        0  uldiv.o(.text)
    .text                                    0x08000246   Section        0  memseta.o(.text)
    .text                                    0x0800026a   Section        0  dadd.o(.text)
    .text                                    0x080003b8   Section        0  dmul.o(.text)
    .text                                    0x0800049c   Section        0  dflti.o(.text)
    .text                                    0x080004be   Section        0  dfixi.o(.text)
    .text                                    0x080004fc   Section        0  f2d.o(.text)
    .text                                    0x08000524   Section       48  cdcmple.o(.text)
    .text                                    0x08000554   Section       48  cdrcmple.o(.text)
    .text                                    0x08000584   Section        0  d2f.o(.text)
    .text                                    0x080005bc   Section        0  uidiv.o(.text)
    .text                                    0x080005e8   Section        0  llshl.o(.text)
    .text                                    0x08000606   Section        0  llushr.o(.text)
    .text                                    0x08000626   Section        0  llsshr.o(.text)
    .text                                    0x0800064a   Section        0  fepilogue.o(.text)
    .text                                    0x0800064a   Section        0  iusefp.o(.text)
    .text                                    0x080006b8   Section        0  depilogue.o(.text)
    .text                                    0x08000772   Section        0  ddiv.o(.text)
    .text                                    0x08000850   Section        0  dfixul.o(.text)
    .text                                    0x08000880   Section       36  init.o(.text)
    .text                                    0x080008a4   Section        0  dfltui.o(.text)
    i.BusFault_Handler                       0x080008be   Section        0  stm32f4xx_it.o(i.BusFault_Handler)
    i.DebugMon_Handler                       0x080008c0   Section        0  stm32f4xx_it.o(i.DebugMon_Handler)
    i.Error_Handler                          0x080008c2   Section        0  main.o(i.Error_Handler)
    i.HAL_DMA_Abort                          0x080008c6   Section        0  stm32f4xx_hal_dma.o(i.HAL_DMA_Abort)
    i.HAL_DMA_Abort_IT                       0x08000958   Section        0  stm32f4xx_hal_dma.o(i.HAL_DMA_Abort_IT)
    i.HAL_Delay                              0x0800097c   Section        0  stm32f4xx_hal.o(i.HAL_Delay)
    i.HAL_GPIO_Init                          0x080009a0   Section        0  stm32f4xx_hal_gpio.o(i.HAL_GPIO_Init)
    i.HAL_GPIO_WritePin                      0x08000bd4   Section        0  stm32f4xx_hal_gpio.o(i.HAL_GPIO_WritePin)
    i.HAL_GetTick                            0x08000be0   Section        0  stm32f4xx_hal.o(i.HAL_GetTick)
    i.HAL_IncTick                            0x08000bec   Section        0  stm32f4xx_hal.o(i.HAL_IncTick)
    i.HAL_Init                               0x08000bfc   Section        0  stm32f4xx_hal.o(i.HAL_Init)
    i.HAL_InitTick                           0x08000c30   Section        0  stm32f4xx_hal.o(i.HAL_InitTick)
    i.HAL_MspInit                            0x08000c70   Section        0  stm32f4xx_hal_msp.o(i.HAL_MspInit)
    i.HAL_NVIC_EnableIRQ                     0x08000ca0   Section        0  stm32f4xx_hal_cortex.o(i.HAL_NVIC_EnableIRQ)
    i.HAL_NVIC_SetPriority                   0x08000cbc   Section        0  stm32f4xx_hal_cortex.o(i.HAL_NVIC_SetPriority)
    i.HAL_NVIC_SetPriorityGrouping           0x08000cfc   Section        0  stm32f4xx_hal_cortex.o(i.HAL_NVIC_SetPriorityGrouping)
    i.HAL_PWREx_EnableOverDrive              0x08000d20   Section        0  stm32f4xx_hal_pwr_ex.o(i.HAL_PWREx_EnableOverDrive)
    i.HAL_RCC_ClockConfig                    0x08000d90   Section        0  stm32f4xx_hal_rcc.o(i.HAL_RCC_ClockConfig)
    i.HAL_RCC_GetPCLK1Freq                   0x08000ec4   Section        0  stm32f4xx_hal_rcc.o(i.HAL_RCC_GetPCLK1Freq)
    i.HAL_RCC_GetPCLK2Freq                   0x08000ee4   Section        0  stm32f4xx_hal_rcc.o(i.HAL_RCC_GetPCLK2Freq)
    i.HAL_RCC_GetSysClockFreq                0x08000f04   Section        0  stm32f4xx_hal_rcc.o(i.HAL_RCC_GetSysClockFreq)
    i.HAL_RCC_OscConfig                      0x08000f68   Section        0  stm32f4xx_hal_rcc.o(i.HAL_RCC_OscConfig)
    i.HAL_SYSTICK_Config                     0x080012d4   Section        0  stm32f4xx_hal_cortex.o(i.HAL_SYSTICK_Config)
    i.HAL_TIMEx_BreakCallback                0x080012fc   Section        0  stm32f4xx_hal_tim_ex.o(i.HAL_TIMEx_BreakCallback)
    i.HAL_TIMEx_CommutCallback               0x080012fe   Section        0  stm32f4xx_hal_tim_ex.o(i.HAL_TIMEx_CommutCallback)
    i.HAL_TIMEx_ConfigBreakDeadTime          0x08001300   Section        0  stm32f4xx_hal_tim_ex.o(i.HAL_TIMEx_ConfigBreakDeadTime)
    i.HAL_TIMEx_MasterConfigSynchronization  0x08001354   Section        0  stm32f4xx_hal_tim_ex.o(i.HAL_TIMEx_MasterConfigSynchronization)
    i.HAL_TIM_Base_Init                      0x080013e4   Section        0  stm32f4xx_hal_tim.o(i.HAL_TIM_Base_Init)
    i.HAL_TIM_Base_MspInit                   0x08001440   Section        0  tim.o(i.HAL_TIM_Base_MspInit)
    i.HAL_TIM_Base_Start_IT                  0x080014b4   Section        0  stm32f4xx_hal_tim.o(i.HAL_TIM_Base_Start_IT)
    i.HAL_TIM_ConfigClockSource              0x08001534   Section        0  stm32f4xx_hal_tim.o(i.HAL_TIM_ConfigClockSource)
    i.HAL_TIM_Encoder_Init                   0x08001610   Section        0  stm32f4xx_hal_tim.o(i.HAL_TIM_Encoder_Init)
    i.HAL_TIM_Encoder_MspInit                0x080016b4   Section        0  tim.o(i.HAL_TIM_Encoder_MspInit)
    i.HAL_TIM_Encoder_Start                  0x080017fc   Section        0  stm32f4xx_hal_tim.o(i.HAL_TIM_Encoder_Start)
    i.HAL_TIM_IC_CaptureCallback             0x0800188a   Section        0  stm32f4xx_hal_tim.o(i.HAL_TIM_IC_CaptureCallback)
    i.HAL_TIM_IRQHandler                     0x0800188c   Section        0  stm32f4xx_hal_tim.o(i.HAL_TIM_IRQHandler)
    i.HAL_TIM_MspPostInit                    0x080019f4   Section        0  tim.o(i.HAL_TIM_MspPostInit)
    i.HAL_TIM_OC_DelayElapsedCallback        0x08001aa8   Section        0  stm32f4xx_hal_tim.o(i.HAL_TIM_OC_DelayElapsedCallback)
    i.HAL_TIM_PWM_ConfigChannel              0x08001aaa   Section        0  stm32f4xx_hal_tim.o(i.HAL_TIM_PWM_ConfigChannel)
    i.HAL_TIM_PWM_Init                       0x08001b76   Section        0  stm32f4xx_hal_tim.o(i.HAL_TIM_PWM_Init)
    i.HAL_TIM_PWM_MspInit                    0x08001bd0   Section        0  tim.o(i.HAL_TIM_PWM_MspInit)
    i.HAL_TIM_PWM_PulseFinishedCallback      0x08001c10   Section        0  stm32f4xx_hal_tim.o(i.HAL_TIM_PWM_PulseFinishedCallback)
    i.HAL_TIM_PWM_Start                      0x08001c14   Section        0  stm32f4xx_hal_tim.o(i.HAL_TIM_PWM_Start)
    i.HAL_TIM_PeriodElapsedCallback          0x08001cdc   Section        0  main.o(i.HAL_TIM_PeriodElapsedCallback)
    i.HAL_TIM_TriggerCallback                0x08001fcc   Section        0  stm32f4xx_hal_tim.o(i.HAL_TIM_TriggerCallback)
    i.HAL_UARTEx_RxEventCallback             0x08001fce   Section        0  stm32f4xx_hal_uart.o(i.HAL_UARTEx_RxEventCallback)
    i.HAL_UART_ErrorCallback                 0x08001fd0   Section        0  main.o(i.HAL_UART_ErrorCallback)
    i.HAL_UART_IRQHandler                    0x08001ff0   Section        0  stm32f4xx_hal_uart.o(i.HAL_UART_IRQHandler)
    i.HAL_UART_Init                          0x08002258   Section        0  stm32f4xx_hal_uart.o(i.HAL_UART_Init)
    i.HAL_UART_MspInit                       0x080022bc   Section        0  usart.o(i.HAL_UART_MspInit)
    i.HAL_UART_Receive_IT                    0x080023a8   Section        0  stm32f4xx_hal_uart.o(i.HAL_UART_Receive_IT)
    i.HAL_UART_RxCpltCallback                0x080023d4   Section        0  main.o(i.HAL_UART_RxCpltCallback)
    i.HAL_UART_Transmit                      0x08002420   Section        0  stm32f4xx_hal_uart.o(i.HAL_UART_Transmit)
    i.HAL_UART_TxCpltCallback                0x080024d2   Section        0  stm32f4xx_hal_uart.o(i.HAL_UART_TxCpltCallback)
    i.HardFault_Handler                      0x080024d4   Section        0  stm32f4xx_it.o(i.HardFault_Handler)
    i.MX_GPIO_Init                           0x080024d8   Section        0  gpio.o(i.MX_GPIO_Init)
    i.MX_TIM10_Init                          0x0800260c   Section        0  tim.o(i.MX_TIM10_Init)
    i.MX_TIM11_Init                          0x08002640   Section        0  tim.o(i.MX_TIM11_Init)
    i.MX_TIM1_Init                           0x080026a8   Section        0  tim.o(i.MX_TIM1_Init)
    i.MX_TIM2_Init                           0x08002714   Section        0  tim.o(i.MX_TIM2_Init)
    i.MX_TIM3_Init                           0x0800277c   Section        0  tim.o(i.MX_TIM3_Init)
    i.MX_TIM4_Init                           0x080027e8   Section        0  tim.o(i.MX_TIM4_Init)
    i.MX_TIM5_Init                           0x08002854   Section        0  tim.o(i.MX_TIM5_Init)
    i.MX_TIM8_Init                           0x080028bc   Section        0  tim.o(i.MX_TIM8_Init)
    i.MX_TIM9_Init                           0x08002970   Section        0  tim.o(i.MX_TIM9_Init)
    i.MX_UART5_Init                          0x080029cc   Section        0  usart.o(i.MX_UART5_Init)
    i.MX_USART1_UART_Init                    0x08002a04   Section        0  usart.o(i.MX_USART1_UART_Init)
    i.MemManage_Handler                      0x08002a3c   Section        0  stm32f4xx_it.o(i.MemManage_Handler)
    i.NMI_Handler                            0x08002a3e   Section        0  stm32f4xx_it.o(i.NMI_Handler)
    i.PIDCalc                                0x08002a40   Section        0  mcnamu_wheel_drive.o(i.PIDCalc)
    i.PIDInit                                0x08002b2c   Section        0  main.o(i.PIDInit)
    i.PendSV_Handler                         0x08002b32   Section        0  stm32f4xx_it.o(i.PendSV_Handler)
    i.Read_Encoder                           0x08002b34   Section        0  main.o(i.Read_Encoder)
    i.SVC_Handler                            0x08002bc8   Section        0  stm32f4xx_it.o(i.SVC_Handler)
    i.SysTick_Handler                        0x08002bca   Section        0  stm32f4xx_it.o(i.SysTick_Handler)
    i.SystemClock_Config                     0x08002bd0   Section        0  main.o(i.SystemClock_Config)
    i.SystemInit                             0x08002c70   Section        0  system_stm32f4xx.o(i.SystemInit)
    i.TIM5_IRQHandler                        0x08002c8c   Section        0  stm32f4xx_it.o(i.TIM5_IRQHandler)
    i.TIM_Base_SetConfig                     0x08002c98   Section        0  stm32f4xx_hal_tim.o(i.TIM_Base_SetConfig)
    i.TIM_CCxChannelCmd                      0x08002d60   Section        0  stm32f4xx_hal_tim.o(i.TIM_CCxChannelCmd)
    i.TIM_ETR_SetConfig                      0x08002d7a   Section        0  stm32f4xx_hal_tim.o(i.TIM_ETR_SetConfig)
    i.TIM_ITRx_SetConfig                     0x08002d8e   Section        0  stm32f4xx_hal_tim.o(i.TIM_ITRx_SetConfig)
    TIM_ITRx_SetConfig                       0x08002d8f   Thumb Code    16  stm32f4xx_hal_tim.o(i.TIM_ITRx_SetConfig)
    i.TIM_OC1_SetConfig                      0x08002da0   Section        0  stm32f4xx_hal_tim.o(i.TIM_OC1_SetConfig)
    TIM_OC1_SetConfig                        0x08002da1   Thumb Code    88  stm32f4xx_hal_tim.o(i.TIM_OC1_SetConfig)
    i.TIM_OC2_SetConfig                      0x08002e00   Section        0  stm32f4xx_hal_tim.o(i.TIM_OC2_SetConfig)
    i.TIM_OC3_SetConfig                      0x08002e6c   Section        0  stm32f4xx_hal_tim.o(i.TIM_OC3_SetConfig)
    TIM_OC3_SetConfig                        0x08002e6d   Thumb Code    96  stm32f4xx_hal_tim.o(i.TIM_OC3_SetConfig)
    i.TIM_OC4_SetConfig                      0x08002ed4   Section        0  stm32f4xx_hal_tim.o(i.TIM_OC4_SetConfig)
    TIM_OC4_SetConfig                        0x08002ed5   Thumb Code    70  stm32f4xx_hal_tim.o(i.TIM_OC4_SetConfig)
    i.TIM_TI1_ConfigInputStage               0x08002f24   Section        0  stm32f4xx_hal_tim.o(i.TIM_TI1_ConfigInputStage)
    TIM_TI1_ConfigInputStage                 0x08002f25   Thumb Code    34  stm32f4xx_hal_tim.o(i.TIM_TI1_ConfigInputStage)
    i.TIM_TI2_ConfigInputStage               0x08002f46   Section        0  stm32f4xx_hal_tim.o(i.TIM_TI2_ConfigInputStage)
    TIM_TI2_ConfigInputStage                 0x08002f47   Thumb Code    36  stm32f4xx_hal_tim.o(i.TIM_TI2_ConfigInputStage)
    i.UART5_IRQHandler                       0x08002f6c   Section        0  stm32f4xx_it.o(i.UART5_IRQHandler)
    i.UART_DMAAbortOnError                   0x08002f78   Section        0  stm32f4xx_hal_uart.o(i.UART_DMAAbortOnError)
    UART_DMAAbortOnError                     0x08002f79   Thumb Code    16  stm32f4xx_hal_uart.o(i.UART_DMAAbortOnError)
    i.UART_EndRxTransfer                     0x08002f88   Section        0  stm32f4xx_hal_uart.o(i.UART_EndRxTransfer)
    UART_EndRxTransfer                       0x08002f89   Thumb Code    78  stm32f4xx_hal_uart.o(i.UART_EndRxTransfer)
    i.UART_Receive_IT                        0x08002fd6   Section        0  stm32f4xx_hal_uart.o(i.UART_Receive_IT)
    UART_Receive_IT                          0x08002fd7   Thumb Code   192  stm32f4xx_hal_uart.o(i.UART_Receive_IT)
    i.UART_SetConfig                         0x08003098   Section        0  stm32f4xx_hal_uart.o(i.UART_SetConfig)
    UART_SetConfig                           0x08003099   Thumb Code   258  stm32f4xx_hal_uart.o(i.UART_SetConfig)
    i.UART_Start_Receive_IT                  0x080031a4   Section        0  stm32f4xx_hal_uart.o(i.UART_Start_Receive_IT)
    i.UART_WaitOnFlagUntilTimeout            0x080031da   Section        0  stm32f4xx_hal_uart.o(i.UART_WaitOnFlagUntilTimeout)
    UART_WaitOnFlagUntilTimeout              0x080031db   Thumb Code   120  stm32f4xx_hal_uart.o(i.UART_WaitOnFlagUntilTimeout)
    i.UsageFault_Handler                     0x08003252   Section        0  stm32f4xx_it.o(i.UsageFault_Handler)
    i.__0printf                              0x08003254   Section        0  printfa.o(i.__0printf)
    i.__ARM_fpclassify                       0x08003274   Section        0  fpclassify.o(i.__ARM_fpclassify)
    i.__NVIC_SetPriority                     0x080032a4   Section        0  stm32f4xx_hal_cortex.o(i.__NVIC_SetPriority)
    __NVIC_SetPriority                       0x080032a5   Thumb Code    32  stm32f4xx_hal_cortex.o(i.__NVIC_SetPriority)
    i.__hardfp_cos                           0x080032c8   Section        0  cos.o(i.__hardfp_cos)
    i.__hardfp_sin                           0x08003390   Section        0  sin.o(i.__hardfp_sin)
    i.__ieee754_rem_pio2                     0x08003458   Section        0  rred.o(i.__ieee754_rem_pio2)
    i.__kernel_cos                           0x08003890   Section        0  cos_i.o(i.__kernel_cos)
    i.__kernel_poly                          0x08003a00   Section        0  poly.o(i.__kernel_poly)
    i.__kernel_sin                           0x08003af8   Section        0  sin_i.o(i.__kernel_sin)
    i.__mathlib_dbl_infnan                   0x08003c28   Section        0  dunder.o(i.__mathlib_dbl_infnan)
    i.__mathlib_dbl_invalid                  0x08003c40   Section        0  dunder.o(i.__mathlib_dbl_invalid)
    i.__mathlib_dbl_underflow                0x08003c60   Section        0  dunder.o(i.__mathlib_dbl_underflow)
    i.__scatterload_copy                     0x08003c80   Section       14  handlers.o(i.__scatterload_copy)
    i.__scatterload_null                     0x08003c8e   Section        2  handlers.o(i.__scatterload_null)
    i.__scatterload_zeroinit                 0x08003c90   Section       14  handlers.o(i.__scatterload_zeroinit)
    i.__set_errno                            0x08003ca0   Section        0  errno.o(i.__set_errno)
    i._fp_digits                             0x08003cac   Section        0  printfa.o(i._fp_digits)
    _fp_digits                               0x08003cad   Thumb Code   366  printfa.o(i._fp_digits)
    i._printf_core                           0x08003e30   Section        0  printfa.o(i._printf_core)
    _printf_core                             0x08003e31   Thumb Code  1744  printfa.o(i._printf_core)
    i._printf_post_padding                   0x0800450c   Section        0  printfa.o(i._printf_post_padding)
    _printf_post_padding                     0x0800450d   Thumb Code    36  printfa.o(i._printf_post_padding)
    i._printf_pre_padding                    0x08004530   Section        0  printfa.o(i._printf_pre_padding)
    _printf_pre_padding                      0x08004531   Thumb Code    46  printfa.o(i._printf_pre_padding)
    i.all_directions                         0x08004560   Section        0  mcnamu_wheel_drive.o(i.all_directions)
    i.fabs                                   0x08004670   Section        0  fabs.o(i.fabs)
    i.fputc                                  0x08004688   Section        0  main.o(i.fputc)
    i.ips114_clear                           0x080046a4   Section        0  seekfree_ips114_spi.o(i.ips114_clear)
    i.ips114_display_chinese                 0x080046d0   Section        0  seekfree_ips114_spi.o(i.ips114_display_chinese)
    i.ips114_init                            0x08004748   Section        0  seekfree_ips114_spi.o(i.ips114_init)
    i.ips114_set_region                      0x08004908   Section        0  seekfree_ips114_spi.o(i.ips114_set_region)
    i.ips114_showchar                        0x0800494c   Section        0  seekfree_ips114_spi.o(i.ips114_showchar)
    i.ips114_showstr                         0x080049b0   Section        0  seekfree_ips114_spi.o(i.ips114_showstr)
    i.ips114_showuint16                      0x080049de   Section        0  seekfree_ips114_spi.o(i.ips114_showuint16)
    i.ips114_writeData                       0x08004a60   Section        0  seekfree_ips114_spi.o(i.ips114_writeData)
    i.ips114_writeIndex                      0x08004ae0   Section        0  seekfree_ips114_spi.o(i.ips114_writeIndex)
    i.ips114_writedata_16bit                 0x08004b60   Section        0  seekfree_ips114_spi.o(i.ips114_writedata_16bit)
    i.main                                   0x08004be4   Section        0  main.o(i.main)
    i.wheel1_speed_set                       0x08004ee4   Section        0  mcnamu_wheel_drive.o(i.wheel1_speed_set)
    i.wheel2_speed_set                       0x08004f60   Section        0  mcnamu_wheel_drive.o(i.wheel2_speed_set)
    i.wheel3_speed_set                       0x08004fd0   Section        0  mcnamu_wheel_drive.o(i.wheel3_speed_set)
    i.wheel4_speed_set                       0x0800504c   Section        0  mcnamu_wheel_drive.o(i.wheel4_speed_set)
    .constdata                               0x080050c8   Section     1520  seekfree_font.o(.constdata)
    .constdata                               0x080056b8   Section      480  seekfree_font.o(.constdata)
    .constdata                               0x08005898   Section       16  system_stm32f4xx.o(.constdata)
    .constdata                               0x080058a8   Section        8  system_stm32f4xx.o(.constdata)
    .constdata                               0x080058b0   Section       48  cos_i.o(.constdata)
    C                                        0x080058b0   Data          48  cos_i.o(.constdata)
    .constdata                               0x080058e0   Section      200  rred.o(.constdata)
    pio2s                                    0x080058e0   Data          48  rred.o(.constdata)
    twooverpi                                0x08005910   Data         152  rred.o(.constdata)
    .constdata                               0x080059a8   Section       40  sin_i.o(.constdata)
    S                                        0x080059a8   Data          40  sin_i.o(.constdata)
    .data                                    0x20000000   Section       48  main.o(.data)
    .data                                    0x20000030   Section       12  stm32f4xx_hal.o(.data)
    .data                                    0x2000003c   Section        4  system_stm32f4xx.o(.data)
    .data                                    0x20000040   Section        4  stdout.o(.data)
    .data                                    0x20000044   Section        4  errno.o(.data)
    _errno                                   0x20000044   Data           4  errno.o(.data)
    .bss                                     0x20000048   Section      304  main.o(.bss)
    .bss                                     0x20000178   Section      648  tim.o(.bss)
    .bss                                     0x20000400   Section      136  usart.o(.bss)
    STACK                                    0x20000488   Section     1024  startup_stm32f429xx.o(STACK)

    Global Symbols

    Symbol Name                              Value     Ov Type        Size  Object(Section)

    BuildAttributes$$THM_ISAv4$E$P$D$K$B$S$7EM$VFPi3$EXTD16$VFPS$VFMA$PE$A:L22UL41UL21$X:L11$S22US41US21$IEEE1$IW$USESV6$~STKCKD$USESV7$~SHL$OTIME$ROPI$IEEEX$EBA8$MICROLIB$REQ8$PRES8$EABIv2 0x00000000   Number         0  anon$$obj.o ABSOLUTE
    __ARM_use_no_argv                        0x00000000   Number         0  main.o ABSOLUTE
    _printf_a                                0x00000000   Number         0  stubs.o ABSOLUTE
    _printf_c                                0x00000000   Number         0  stubs.o ABSOLUTE
    _printf_charcount                        0x00000000   Number         0  stubs.o ABSOLUTE
    _printf_d                                0x00000000   Number         0  stubs.o ABSOLUTE
    _printf_e                                0x00000000   Number         0  stubs.o ABSOLUTE
    _printf_f                                0x00000000   Number         0  stubs.o ABSOLUTE
    _printf_flags                            0x00000000   Number         0  stubs.o ABSOLUTE
    _printf_fp_dec                           0x00000000   Number         0  stubs.o ABSOLUTE
    _printf_fp_hex                           0x00000000   Number         0  stubs.o ABSOLUTE
    _printf_g                                0x00000000   Number         0  stubs.o ABSOLUTE
    _printf_i                                0x00000000   Number         0  stubs.o ABSOLUTE
    _printf_int_dec                          0x00000000   Number         0  stubs.o ABSOLUTE
    _printf_l                                0x00000000   Number         0  stubs.o ABSOLUTE
    _printf_lc                               0x00000000   Number         0  stubs.o ABSOLUTE
    _printf_ll                               0x00000000   Number         0  stubs.o ABSOLUTE
    _printf_lld                              0x00000000   Number         0  stubs.o ABSOLUTE
    _printf_lli                              0x00000000   Number         0  stubs.o ABSOLUTE
    _printf_llo                              0x00000000   Number         0  stubs.o ABSOLUTE
    _printf_llu                              0x00000000   Number         0  stubs.o ABSOLUTE
    _printf_llx                              0x00000000   Number         0  stubs.o ABSOLUTE
    _printf_longlong_dec                     0x00000000   Number         0  stubs.o ABSOLUTE
    _printf_longlong_hex                     0x00000000   Number         0  stubs.o ABSOLUTE
    _printf_longlong_oct                     0x00000000   Number         0  stubs.o ABSOLUTE
    _printf_ls                               0x00000000   Number         0  stubs.o ABSOLUTE
    _printf_mbtowc                           0x00000000   Number         0  stubs.o ABSOLUTE
    _printf_n                                0x00000000   Number         0  stubs.o ABSOLUTE
    _printf_o                                0x00000000   Number         0  stubs.o ABSOLUTE
    _printf_p                                0x00000000   Number         0  stubs.o ABSOLUTE
    _printf_percent                          0x00000000   Number         0  stubs.o ABSOLUTE
    _printf_pre_padding                      0x00000000   Number         0  stubs.o ABSOLUTE
    _printf_return_value                     0x00000000   Number         0  stubs.o ABSOLUTE
    _printf_s                                0x00000000   Number         0  stubs.o ABSOLUTE
    _printf_sizespec                         0x00000000   Number         0  stubs.o ABSOLUTE
    _printf_str                              0x00000000   Number         0  stubs.o ABSOLUTE
    _printf_truncate_signed                  0x00000000   Number         0  stubs.o ABSOLUTE
    _printf_truncate_unsigned                0x00000000   Number         0  stubs.o ABSOLUTE
    _printf_u                                0x00000000   Number         0  stubs.o ABSOLUTE
    _printf_wc                               0x00000000   Number         0  stubs.o ABSOLUTE
    _printf_wctomb                           0x00000000   Number         0  stubs.o ABSOLUTE
    _printf_widthprec                        0x00000000   Number         0  stubs.o ABSOLUTE
    _printf_x                                0x00000000   Number         0  stubs.o ABSOLUTE
    __cpp_initialize__aeabi_                  - Undefined Weak Reference
    __cxa_finalize                            - Undefined Weak Reference
    __decompress                              - Undefined Weak Reference
    _clock_init                               - Undefined Weak Reference
    _microlib_exit                            - Undefined Weak Reference
    __Vectors_Size                           0x000001ac   Number         0  startup_stm32f429xx.o ABSOLUTE
    __Vectors                                0x08000000   Data           4  startup_stm32f429xx.o(RESET)
    __Vectors_End                            0x080001ac   Data           0  startup_stm32f429xx.o(RESET)
    __main                                   0x080001ad   Thumb Code     0  entry.o(.ARM.Collect$$$$00000000)
    _main_stk                                0x080001ad   Thumb Code     0  entry2.o(.ARM.Collect$$$$00000001)
    _main_scatterload                        0x080001b1   Thumb Code     0  entry5.o(.ARM.Collect$$$$00000004)
    __main_after_scatterload                 0x080001b5   Thumb Code     0  entry5.o(.ARM.Collect$$$$00000004)
    _main_clock                              0x080001b5   Thumb Code     0  entry7b.o(.ARM.Collect$$$$00000008)
    _main_cpp_init                           0x080001b5   Thumb Code     0  entry8b.o(.ARM.Collect$$$$0000000A)
    _main_init                               0x080001b5   Thumb Code     0  entry9a.o(.ARM.Collect$$$$0000000B)
    __rt_final_cpp                           0x080001bd   Thumb Code     0  entry10a.o(.ARM.Collect$$$$0000000D)
    __rt_final_exit                          0x080001bd   Thumb Code     0  entry11a.o(.ARM.Collect$$$$0000000F)
    Reset_Handler                            0x080001c1   Thumb Code     8  startup_stm32f429xx.o(.text)
    ADC_IRQHandler                           0x080001db   Thumb Code     0  startup_stm32f429xx.o(.text)
    CAN1_RX0_IRQHandler                      0x080001db   Thumb Code     0  startup_stm32f429xx.o(.text)
    CAN1_RX1_IRQHandler                      0x080001db   Thumb Code     0  startup_stm32f429xx.o(.text)
    CAN1_SCE_IRQHandler                      0x080001db   Thumb Code     0  startup_stm32f429xx.o(.text)
    CAN1_TX_IRQHandler                       0x080001db   Thumb Code     0  startup_stm32f429xx.o(.text)
    CAN2_RX0_IRQHandler                      0x080001db   Thumb Code     0  startup_stm32f429xx.o(.text)
    CAN2_RX1_IRQHandler                      0x080001db   Thumb Code     0  startup_stm32f429xx.o(.text)
    CAN2_SCE_IRQHandler                      0x080001db   Thumb Code     0  startup_stm32f429xx.o(.text)
    CAN2_TX_IRQHandler                       0x080001db   Thumb Code     0  startup_stm32f429xx.o(.text)
    DCMI_IRQHandler                          0x080001db   Thumb Code     0  startup_stm32f429xx.o(.text)
    DMA1_Stream0_IRQHandler                  0x080001db   Thumb Code     0  startup_stm32f429xx.o(.text)
    DMA1_Stream1_IRQHandler                  0x080001db   Thumb Code     0  startup_stm32f429xx.o(.text)
    DMA1_Stream2_IRQHandler                  0x080001db   Thumb Code     0  startup_stm32f429xx.o(.text)
    DMA1_Stream3_IRQHandler                  0x080001db   Thumb Code     0  startup_stm32f429xx.o(.text)
    DMA1_Stream4_IRQHandler                  0x080001db   Thumb Code     0  startup_stm32f429xx.o(.text)
    DMA1_Stream5_IRQHandler                  0x080001db   Thumb Code     0  startup_stm32f429xx.o(.text)
    DMA1_Stream6_IRQHandler                  0x080001db   Thumb Code     0  startup_stm32f429xx.o(.text)
    DMA1_Stream7_IRQHandler                  0x080001db   Thumb Code     0  startup_stm32f429xx.o(.text)
    DMA2D_IRQHandler                         0x080001db   Thumb Code     0  startup_stm32f429xx.o(.text)
    DMA2_Stream0_IRQHandler                  0x080001db   Thumb Code     0  startup_stm32f429xx.o(.text)
    DMA2_Stream1_IRQHandler                  0x080001db   Thumb Code     0  startup_stm32f429xx.o(.text)
    DMA2_Stream2_IRQHandler                  0x080001db   Thumb Code     0  startup_stm32f429xx.o(.text)
    DMA2_Stream3_IRQHandler                  0x080001db   Thumb Code     0  startup_stm32f429xx.o(.text)
    DMA2_Stream4_IRQHandler                  0x080001db   Thumb Code     0  startup_stm32f429xx.o(.text)
    DMA2_Stream5_IRQHandler                  0x080001db   Thumb Code     0  startup_stm32f429xx.o(.text)
    DMA2_Stream6_IRQHandler                  0x080001db   Thumb Code     0  startup_stm32f429xx.o(.text)
    DMA2_Stream7_IRQHandler                  0x080001db   Thumb Code     0  startup_stm32f429xx.o(.text)
    ETH_IRQHandler                           0x080001db   Thumb Code     0  startup_stm32f429xx.o(.text)
    ETH_WKUP_IRQHandler                      0x080001db   Thumb Code     0  startup_stm32f429xx.o(.text)
    EXTI0_IRQHandler                         0x080001db   Thumb Code     0  startup_stm32f429xx.o(.text)
    EXTI15_10_IRQHandler                     0x080001db   Thumb Code     0  startup_stm32f429xx.o(.text)
    EXTI1_IRQHandler                         0x080001db   Thumb Code     0  startup_stm32f429xx.o(.text)
    EXTI2_IRQHandler                         0x080001db   Thumb Code     0  startup_stm32f429xx.o(.text)
    EXTI3_IRQHandler                         0x080001db   Thumb Code     0  startup_stm32f429xx.o(.text)
    EXTI4_IRQHandler                         0x080001db   Thumb Code     0  startup_stm32f429xx.o(.text)
    EXTI9_5_IRQHandler                       0x080001db   Thumb Code     0  startup_stm32f429xx.o(.text)
    FLASH_IRQHandler                         0x080001db   Thumb Code     0  startup_stm32f429xx.o(.text)
    FMC_IRQHandler                           0x080001db   Thumb Code     0  startup_stm32f429xx.o(.text)
    FPU_IRQHandler                           0x080001db   Thumb Code     0  startup_stm32f429xx.o(.text)
    HASH_RNG_IRQHandler                      0x080001db   Thumb Code     0  startup_stm32f429xx.o(.text)
    I2C1_ER_IRQHandler                       0x080001db   Thumb Code     0  startup_stm32f429xx.o(.text)
    I2C1_EV_IRQHandler                       0x080001db   Thumb Code     0  startup_stm32f429xx.o(.text)
    I2C2_ER_IRQHandler                       0x080001db   Thumb Code     0  startup_stm32f429xx.o(.text)
    I2C2_EV_IRQHandler                       0x080001db   Thumb Code     0  startup_stm32f429xx.o(.text)
    I2C3_ER_IRQHandler                       0x080001db   Thumb Code     0  startup_stm32f429xx.o(.text)
    I2C3_EV_IRQHandler                       0x080001db   Thumb Code     0  startup_stm32f429xx.o(.text)
    LTDC_ER_IRQHandler                       0x080001db   Thumb Code     0  startup_stm32f429xx.o(.text)
    LTDC_IRQHandler                          0x080001db   Thumb Code     0  startup_stm32f429xx.o(.text)
    OTG_FS_IRQHandler                        0x080001db   Thumb Code     0  startup_stm32f429xx.o(.text)
    OTG_FS_WKUP_IRQHandler                   0x080001db   Thumb Code     0  startup_stm32f429xx.o(.text)
    OTG_HS_EP1_IN_IRQHandler                 0x080001db   Thumb Code     0  startup_stm32f429xx.o(.text)
    OTG_HS_EP1_OUT_IRQHandler                0x080001db   Thumb Code     0  startup_stm32f429xx.o(.text)
    OTG_HS_IRQHandler                        0x080001db   Thumb Code     0  startup_stm32f429xx.o(.text)
    OTG_HS_WKUP_IRQHandler                   0x080001db   Thumb Code     0  startup_stm32f429xx.o(.text)
    PVD_IRQHandler                           0x080001db   Thumb Code     0  startup_stm32f429xx.o(.text)
    RCC_IRQHandler                           0x080001db   Thumb Code     0  startup_stm32f429xx.o(.text)
    RTC_Alarm_IRQHandler                     0x080001db   Thumb Code     0  startup_stm32f429xx.o(.text)
    RTC_WKUP_IRQHandler                      0x080001db   Thumb Code     0  startup_stm32f429xx.o(.text)
    SAI1_IRQHandler                          0x080001db   Thumb Code     0  startup_stm32f429xx.o(.text)
    SDIO_IRQHandler                          0x080001db   Thumb Code     0  startup_stm32f429xx.o(.text)
    SPI1_IRQHandler                          0x080001db   Thumb Code     0  startup_stm32f429xx.o(.text)
    SPI2_IRQHandler                          0x080001db   Thumb Code     0  startup_stm32f429xx.o(.text)
    SPI3_IRQHandler                          0x080001db   Thumb Code     0  startup_stm32f429xx.o(.text)
    SPI4_IRQHandler                          0x080001db   Thumb Code     0  startup_stm32f429xx.o(.text)
    SPI5_IRQHandler                          0x080001db   Thumb Code     0  startup_stm32f429xx.o(.text)
    SPI6_IRQHandler                          0x080001db   Thumb Code     0  startup_stm32f429xx.o(.text)
    TAMP_STAMP_IRQHandler                    0x080001db   Thumb Code     0  startup_stm32f429xx.o(.text)
    TIM1_BRK_TIM9_IRQHandler                 0x080001db   Thumb Code     0  startup_stm32f429xx.o(.text)
    TIM1_CC_IRQHandler                       0x080001db   Thumb Code     0  startup_stm32f429xx.o(.text)
    TIM1_TRG_COM_TIM11_IRQHandler            0x080001db   Thumb Code     0  startup_stm32f429xx.o(.text)
    TIM1_UP_TIM10_IRQHandler                 0x080001db   Thumb Code     0  startup_stm32f429xx.o(.text)
    TIM2_IRQHandler                          0x080001db   Thumb Code     0  startup_stm32f429xx.o(.text)
    TIM3_IRQHandler                          0x080001db   Thumb Code     0  startup_stm32f429xx.o(.text)
    TIM4_IRQHandler                          0x080001db   Thumb Code     0  startup_stm32f429xx.o(.text)
    TIM6_DAC_IRQHandler                      0x080001db   Thumb Code     0  startup_stm32f429xx.o(.text)
    TIM7_IRQHandler                          0x080001db   Thumb Code     0  startup_stm32f429xx.o(.text)
    TIM8_BRK_TIM12_IRQHandler                0x080001db   Thumb Code     0  startup_stm32f429xx.o(.text)
    TIM8_CC_IRQHandler                       0x080001db   Thumb Code     0  startup_stm32f429xx.o(.text)
    TIM8_TRG_COM_TIM14_IRQHandler            0x080001db   Thumb Code     0  startup_stm32f429xx.o(.text)
    TIM8_UP_TIM13_IRQHandler                 0x080001db   Thumb Code     0  startup_stm32f429xx.o(.text)
    UART4_IRQHandler                         0x080001db   Thumb Code     0  startup_stm32f429xx.o(.text)
    UART7_IRQHandler                         0x080001db   Thumb Code     0  startup_stm32f429xx.o(.text)
    UART8_IRQHandler                         0x080001db   Thumb Code     0  startup_stm32f429xx.o(.text)
    USART1_IRQHandler                        0x080001db   Thumb Code     0  startup_stm32f429xx.o(.text)
    USART2_IRQHandler                        0x080001db   Thumb Code     0  startup_stm32f429xx.o(.text)
    USART3_IRQHandler                        0x080001db   Thumb Code     0  startup_stm32f429xx.o(.text)
    USART6_IRQHandler                        0x080001db   Thumb Code     0  startup_stm32f429xx.o(.text)
    WWDG_IRQHandler                          0x080001db   Thumb Code     0  startup_stm32f429xx.o(.text)
    __aeabi_uldivmod                         0x080001e5   Thumb Code    98  uldiv.o(.text)
    __aeabi_memset                           0x08000247   Thumb Code    14  memseta.o(.text)
    __aeabi_memset4                          0x08000247   Thumb Code     0  memseta.o(.text)
    __aeabi_memset8                          0x08000247   Thumb Code     0  memseta.o(.text)
    __aeabi_memclr                           0x08000255   Thumb Code     4  memseta.o(.text)
    __aeabi_memclr4                          0x08000255   Thumb Code     0  memseta.o(.text)
    __aeabi_memclr8                          0x08000255   Thumb Code     0  memseta.o(.text)
    _memset$wrapper                          0x08000259   Thumb Code    18  memseta.o(.text)
    __aeabi_dadd                             0x0800026b   Thumb Code   322  dadd.o(.text)
    __aeabi_dsub                             0x080003ad   Thumb Code     6  dadd.o(.text)
    __aeabi_drsub                            0x080003b3   Thumb Code     6  dadd.o(.text)
    __aeabi_dmul                             0x080003b9   Thumb Code   228  dmul.o(.text)
    __aeabi_i2d                              0x0800049d   Thumb Code    34  dflti.o(.text)
    __aeabi_d2iz                             0x080004bf   Thumb Code    62  dfixi.o(.text)
    __aeabi_f2d                              0x080004fd   Thumb Code    38  f2d.o(.text)
    __aeabi_cdcmpeq                          0x08000525   Thumb Code     0  cdcmple.o(.text)
    __aeabi_cdcmple                          0x08000525   Thumb Code    48  cdcmple.o(.text)
    __aeabi_cdrcmple                         0x08000555   Thumb Code    48  cdrcmple.o(.text)
    __aeabi_d2f                              0x08000585   Thumb Code    56  d2f.o(.text)
    __aeabi_uidiv                            0x080005bd   Thumb Code     0  uidiv.o(.text)
    __aeabi_uidivmod                         0x080005bd   Thumb Code    44  uidiv.o(.text)
    __aeabi_llsl                             0x080005e9   Thumb Code    30  llshl.o(.text)
    _ll_shift_l                              0x080005e9   Thumb Code     0  llshl.o(.text)
    __aeabi_llsr                             0x08000607   Thumb Code    32  llushr.o(.text)
    _ll_ushift_r                             0x08000607   Thumb Code     0  llushr.o(.text)
    __aeabi_lasr                             0x08000627   Thumb Code    36  llsshr.o(.text)
    _ll_sshift_r                             0x08000627   Thumb Code     0  llsshr.o(.text)
    __I$use$fp                               0x0800064b   Thumb Code     0  iusefp.o(.text)
    _float_round                             0x0800064b   Thumb Code    18  fepilogue.o(.text)
    _float_epilogue                          0x0800065d   Thumb Code    92  fepilogue.o(.text)
    _double_round                            0x080006b9   Thumb Code    30  depilogue.o(.text)
    _double_epilogue                         0x080006d7   Thumb Code   156  depilogue.o(.text)
    __aeabi_ddiv                             0x08000773   Thumb Code   222  ddiv.o(.text)
    __aeabi_d2ulz                            0x08000851   Thumb Code    48  dfixul.o(.text)
    __scatterload                            0x08000881   Thumb Code    28  init.o(.text)
    __scatterload_rt2                        0x08000881   Thumb Code     0  init.o(.text)
    __aeabi_ui2d                             0x080008a5   Thumb Code    26  dfltui.o(.text)
    BusFault_Handler                         0x080008bf   Thumb Code     2  stm32f4xx_it.o(i.BusFault_Handler)
    DebugMon_Handler                         0x080008c1   Thumb Code     2  stm32f4xx_it.o(i.DebugMon_Handler)
    Error_Handler                            0x080008c3   Thumb Code     4  main.o(i.Error_Handler)
    HAL_DMA_Abort                            0x080008c7   Thumb Code   146  stm32f4xx_hal_dma.o(i.HAL_DMA_Abort)
    HAL_DMA_Abort_IT                         0x08000959   Thumb Code    36  stm32f4xx_hal_dma.o(i.HAL_DMA_Abort_IT)
    HAL_Delay                                0x0800097d   Thumb Code    32  stm32f4xx_hal.o(i.HAL_Delay)
    HAL_GPIO_Init                            0x080009a1   Thumb Code   510  stm32f4xx_hal_gpio.o(i.HAL_GPIO_Init)
    HAL_GPIO_WritePin                        0x08000bd5   Thumb Code    10  stm32f4xx_hal_gpio.o(i.HAL_GPIO_WritePin)
    HAL_GetTick                              0x08000be1   Thumb Code     6  stm32f4xx_hal.o(i.HAL_GetTick)
    HAL_IncTick                              0x08000bed   Thumb Code    12  stm32f4xx_hal.o(i.HAL_IncTick)
    HAL_Init                                 0x08000bfd   Thumb Code    48  stm32f4xx_hal.o(i.HAL_Init)
    HAL_InitTick                             0x08000c31   Thumb Code    54  stm32f4xx_hal.o(i.HAL_InitTick)
    HAL_MspInit                              0x08000c71   Thumb Code    42  stm32f4xx_hal_msp.o(i.HAL_MspInit)
    HAL_NVIC_EnableIRQ                       0x08000ca1   Thumb Code    26  stm32f4xx_hal_cortex.o(i.HAL_NVIC_EnableIRQ)
    HAL_NVIC_SetPriority                     0x08000cbd   Thumb Code    60  stm32f4xx_hal_cortex.o(i.HAL_NVIC_SetPriority)
    HAL_NVIC_SetPriorityGrouping             0x08000cfd   Thumb Code    26  stm32f4xx_hal_cortex.o(i.HAL_NVIC_SetPriorityGrouping)
    HAL_PWREx_EnableOverDrive                0x08000d21   Thumb Code    98  stm32f4xx_hal_pwr_ex.o(i.HAL_PWREx_EnableOverDrive)
    HAL_RCC_ClockConfig                      0x08000d91   Thumb Code   288  stm32f4xx_hal_rcc.o(i.HAL_RCC_ClockConfig)
    HAL_RCC_GetPCLK1Freq                     0x08000ec5   Thumb Code    20  stm32f4xx_hal_rcc.o(i.HAL_RCC_GetPCLK1Freq)
    HAL_RCC_GetPCLK2Freq                     0x08000ee5   Thumb Code    20  stm32f4xx_hal_rcc.o(i.HAL_RCC_GetPCLK2Freq)
    HAL_RCC_GetSysClockFreq                  0x08000f05   Thumb Code    88  stm32f4xx_hal_rcc.o(i.HAL_RCC_GetSysClockFreq)
    HAL_RCC_OscConfig                        0x08000f69   Thumb Code   856  stm32f4xx_hal_rcc.o(i.HAL_RCC_OscConfig)
    HAL_SYSTICK_Config                       0x080012d5   Thumb Code    40  stm32f4xx_hal_cortex.o(i.HAL_SYSTICK_Config)
    HAL_TIMEx_BreakCallback                  0x080012fd   Thumb Code     2  stm32f4xx_hal_tim_ex.o(i.HAL_TIMEx_BreakCallback)
    HAL_TIMEx_CommutCallback                 0x080012ff   Thumb Code     2  stm32f4xx_hal_tim_ex.o(i.HAL_TIMEx_CommutCallback)
    HAL_TIMEx_ConfigBreakDeadTime            0x08001301   Thumb Code    84  stm32f4xx_hal_tim_ex.o(i.HAL_TIMEx_ConfigBreakDeadTime)
    HAL_TIMEx_MasterConfigSynchronization    0x08001355   Thumb Code   116  stm32f4xx_hal_tim_ex.o(i.HAL_TIMEx_MasterConfigSynchronization)
    HAL_TIM_Base_Init                        0x080013e5   Thumb Code    90  stm32f4xx_hal_tim.o(i.HAL_TIM_Base_Init)
    HAL_TIM_Base_MspInit                     0x08001441   Thumb Code    98  tim.o(i.HAL_TIM_Base_MspInit)
    HAL_TIM_Base_Start_IT                    0x080014b5   Thumb Code   100  stm32f4xx_hal_tim.o(i.HAL_TIM_Base_Start_IT)
    HAL_TIM_ConfigClockSource                0x08001535   Thumb Code   220  stm32f4xx_hal_tim.o(i.HAL_TIM_ConfigClockSource)
    HAL_TIM_Encoder_Init                     0x08001611   Thumb Code   164  stm32f4xx_hal_tim.o(i.HAL_TIM_Encoder_Init)
    HAL_TIM_Encoder_MspInit                  0x080016b5   Thumb Code   294  tim.o(i.HAL_TIM_Encoder_MspInit)
    HAL_TIM_Encoder_Start                    0x080017fd   Thumb Code   142  stm32f4xx_hal_tim.o(i.HAL_TIM_Encoder_Start)
    HAL_TIM_IC_CaptureCallback               0x0800188b   Thumb Code     2  stm32f4xx_hal_tim.o(i.HAL_TIM_IC_CaptureCallback)
    HAL_TIM_IRQHandler                       0x0800188d   Thumb Code   358  stm32f4xx_hal_tim.o(i.HAL_TIM_IRQHandler)
    HAL_TIM_MspPostInit                      0x080019f5   Thumb Code   152  tim.o(i.HAL_TIM_MspPostInit)
    HAL_TIM_OC_DelayElapsedCallback          0x08001aa9   Thumb Code     2  stm32f4xx_hal_tim.o(i.HAL_TIM_OC_DelayElapsedCallback)
    HAL_TIM_PWM_ConfigChannel                0x08001aab   Thumb Code   204  stm32f4xx_hal_tim.o(i.HAL_TIM_PWM_ConfigChannel)
    HAL_TIM_PWM_Init                         0x08001b77   Thumb Code    90  stm32f4xx_hal_tim.o(i.HAL_TIM_PWM_Init)
    HAL_TIM_PWM_MspInit                      0x08001bd1   Thumb Code    52  tim.o(i.HAL_TIM_PWM_MspInit)
    HAL_TIM_PWM_PulseFinishedCallback        0x08001c11   Thumb Code     2  stm32f4xx_hal_tim.o(i.HAL_TIM_PWM_PulseFinishedCallback)
    HAL_TIM_PWM_Start                        0x08001c15   Thumb Code   172  stm32f4xx_hal_tim.o(i.HAL_TIM_PWM_Start)
    HAL_TIM_PeriodElapsedCallback            0x08001cdd   Thumb Code   692  main.o(i.HAL_TIM_PeriodElapsedCallback)
    HAL_TIM_TriggerCallback                  0x08001fcd   Thumb Code     2  stm32f4xx_hal_tim.o(i.HAL_TIM_TriggerCallback)
    HAL_UARTEx_RxEventCallback               0x08001fcf   Thumb Code     2  stm32f4xx_hal_uart.o(i.HAL_UARTEx_RxEventCallback)
    HAL_UART_ErrorCallback                   0x08001fd1   Thumb Code    28  main.o(i.HAL_UART_ErrorCallback)
    HAL_UART_IRQHandler                      0x08001ff1   Thumb Code   610  stm32f4xx_hal_uart.o(i.HAL_UART_IRQHandler)
    HAL_UART_Init                            0x08002259   Thumb Code    98  stm32f4xx_hal_uart.o(i.HAL_UART_Init)
    HAL_UART_MspInit                         0x080022bd   Thumb Code   212  usart.o(i.HAL_UART_MspInit)
    HAL_UART_Receive_IT                      0x080023a9   Thumb Code    42  stm32f4xx_hal_uart.o(i.HAL_UART_Receive_IT)
    HAL_UART_RxCpltCallback                  0x080023d5   Thumb Code    60  main.o(i.HAL_UART_RxCpltCallback)
    HAL_UART_Transmit                        0x08002421   Thumb Code   178  stm32f4xx_hal_uart.o(i.HAL_UART_Transmit)
    HAL_UART_TxCpltCallback                  0x080024d3   Thumb Code     2  stm32f4xx_hal_uart.o(i.HAL_UART_TxCpltCallback)
    HardFault_Handler                        0x080024d5   Thumb Code     2  stm32f4xx_it.o(i.HardFault_Handler)
    MX_GPIO_Init                             0x080024d9   Thumb Code   288  gpio.o(i.MX_GPIO_Init)
    MX_TIM10_Init                            0x0800260d   Thumb Code    44  tim.o(i.MX_TIM10_Init)
    MX_TIM11_Init                            0x08002641   Thumb Code    94  tim.o(i.MX_TIM11_Init)
    MX_TIM1_Init                             0x080026a9   Thumb Code   100  tim.o(i.MX_TIM1_Init)
    MX_TIM2_Init                             0x08002715   Thumb Code    98  tim.o(i.MX_TIM2_Init)
    MX_TIM3_Init                             0x0800277d   Thumb Code    98  tim.o(i.MX_TIM3_Init)
    MX_TIM4_Init                             0x080027e9   Thumb Code    98  tim.o(i.MX_TIM4_Init)
    MX_TIM5_Init                             0x08002855   Thumb Code    94  tim.o(i.MX_TIM5_Init)
    MX_TIM8_Init                             0x080028bd   Thumb Code   172  tim.o(i.MX_TIM8_Init)
    MX_TIM9_Init                             0x08002971   Thumb Code    82  tim.o(i.MX_TIM9_Init)
    MX_UART5_Init                            0x080029cd   Thumb Code    48  usart.o(i.MX_UART5_Init)
    MX_USART1_UART_Init                      0x08002a05   Thumb Code    48  usart.o(i.MX_USART1_UART_Init)
    MemManage_Handler                        0x08002a3d   Thumb Code     2  stm32f4xx_it.o(i.MemManage_Handler)
    NMI_Handler                              0x08002a3f   Thumb Code     2  stm32f4xx_it.o(i.NMI_Handler)
    PIDCalc                                  0x08002a41   Thumb Code   218  mcnamu_wheel_drive.o(i.PIDCalc)
    PIDInit                                  0x08002b2d   Thumb Code     6  main.o(i.PIDInit)
    PendSV_Handler                           0x08002b33   Thumb Code     2  stm32f4xx_it.o(i.PendSV_Handler)
    Read_Encoder                             0x08002b35   Thumb Code    96  main.o(i.Read_Encoder)
    SVC_Handler                              0x08002bc9   Thumb Code     2  stm32f4xx_it.o(i.SVC_Handler)
    SysTick_Handler                          0x08002bcb   Thumb Code     4  stm32f4xx_it.o(i.SysTick_Handler)
    SystemClock_Config                       0x08002bd1   Thumb Code   150  main.o(i.SystemClock_Config)
    SystemInit                               0x08002c71   Thumb Code    22  system_stm32f4xx.o(i.SystemInit)
    TIM5_IRQHandler                          0x08002c8d   Thumb Code     6  stm32f4xx_it.o(i.TIM5_IRQHandler)
    TIM_Base_SetConfig                       0x08002c99   Thumb Code   156  stm32f4xx_hal_tim.o(i.TIM_Base_SetConfig)
    TIM_CCxChannelCmd                        0x08002d61   Thumb Code    26  stm32f4xx_hal_tim.o(i.TIM_CCxChannelCmd)
    TIM_ETR_SetConfig                        0x08002d7b   Thumb Code    20  stm32f4xx_hal_tim.o(i.TIM_ETR_SetConfig)
    TIM_OC2_SetConfig                        0x08002e01   Thumb Code    98  stm32f4xx_hal_tim.o(i.TIM_OC2_SetConfig)
    UART5_IRQHandler                         0x08002f6d   Thumb Code     6  stm32f4xx_it.o(i.UART5_IRQHandler)
    UART_Start_Receive_IT                    0x080031a5   Thumb Code    54  stm32f4xx_hal_uart.o(i.UART_Start_Receive_IT)
    UsageFault_Handler                       0x08003253   Thumb Code     2  stm32f4xx_it.o(i.UsageFault_Handler)
    __0printf                                0x08003255   Thumb Code    22  printfa.o(i.__0printf)
    __1printf                                0x08003255   Thumb Code     0  printfa.o(i.__0printf)
    __2printf                                0x08003255   Thumb Code     0  printfa.o(i.__0printf)
    __c89printf                              0x08003255   Thumb Code     0  printfa.o(i.__0printf)
    printf                                   0x08003255   Thumb Code     0  printfa.o(i.__0printf)
    __ARM_fpclassify                         0x08003275   Thumb Code    48  fpclassify.o(i.__ARM_fpclassify)
    __hardfp_cos                             0x080032c9   Thumb Code   180  cos.o(i.__hardfp_cos)
    __hardfp_sin                             0x08003391   Thumb Code   180  sin.o(i.__hardfp_sin)
    __ieee754_rem_pio2                       0x08003459   Thumb Code   938  rred.o(i.__ieee754_rem_pio2)
    __kernel_cos                             0x08003891   Thumb Code   322  cos_i.o(i.__kernel_cos)
    __kernel_poly                            0x08003a01   Thumb Code   248  poly.o(i.__kernel_poly)
    __kernel_sin                             0x08003af9   Thumb Code   280  sin_i.o(i.__kernel_sin)
    __mathlib_dbl_infnan                     0x08003c29   Thumb Code    20  dunder.o(i.__mathlib_dbl_infnan)
    __mathlib_dbl_invalid                    0x08003c41   Thumb Code    24  dunder.o(i.__mathlib_dbl_invalid)
    __mathlib_dbl_underflow                  0x08003c61   Thumb Code    24  dunder.o(i.__mathlib_dbl_underflow)
    __scatterload_copy                       0x08003c81   Thumb Code    14  handlers.o(i.__scatterload_copy)
    __scatterload_null                       0x08003c8f   Thumb Code     2  handlers.o(i.__scatterload_null)
    __scatterload_zeroinit                   0x08003c91   Thumb Code    14  handlers.o(i.__scatterload_zeroinit)
    __set_errno                              0x08003ca1   Thumb Code     6  errno.o(i.__set_errno)
    all_directions                           0x08004561   Thumb Code   230  mcnamu_wheel_drive.o(i.all_directions)
    fabs                                     0x08004671   Thumb Code    24  fabs.o(i.fabs)
    fputc                                    0x08004689   Thumb Code    24  main.o(i.fputc)
    ips114_clear                             0x080046a5   Thumb Code    44  seekfree_ips114_spi.o(i.ips114_clear)
    ips114_display_chinese                   0x080046d1   Thumb Code   120  seekfree_ips114_spi.o(i.ips114_display_chinese)
    ips114_init                              0x08004749   Thumb Code   438  seekfree_ips114_spi.o(i.ips114_init)
    ips114_set_region                        0x08004909   Thumb Code    66  seekfree_ips114_spi.o(i.ips114_set_region)
    ips114_showchar                          0x0800494d   Thumb Code    94  seekfree_ips114_spi.o(i.ips114_showchar)
    ips114_showstr                           0x080049b1   Thumb Code    46  seekfree_ips114_spi.o(i.ips114_showstr)
    ips114_showuint16                        0x080049df   Thumb Code   128  seekfree_ips114_spi.o(i.ips114_showuint16)
    ips114_writeData                         0x08004a61   Thumb Code   120  seekfree_ips114_spi.o(i.ips114_writeData)
    ips114_writeIndex                        0x08004ae1   Thumb Code   120  seekfree_ips114_spi.o(i.ips114_writeIndex)
    ips114_writedata_16bit                   0x08004b61   Thumb Code   124  seekfree_ips114_spi.o(i.ips114_writedata_16bit)
    main                                     0x08004be5   Thumb Code   604  main.o(i.main)
    wheel1_speed_set                         0x08004ee5   Thumb Code    98  mcnamu_wheel_drive.o(i.wheel1_speed_set)
    wheel2_speed_set                         0x08004f61   Thumb Code    88  mcnamu_wheel_drive.o(i.wheel2_speed_set)
    wheel3_speed_set                         0x08004fd1   Thumb Code    98  mcnamu_wheel_drive.o(i.wheel3_speed_set)
    wheel4_speed_set                         0x0800504d   Thumb Code    98  mcnamu_wheel_drive.o(i.wheel4_speed_set)
    tft_ascii                                0x080050c8   Data        1520  seekfree_font.o(.constdata)
    chinese_test                             0x080056b8   Data         480  seekfree_font.o(.constdata)
    AHBPrescTable                            0x08005898   Data          16  system_stm32f4xx.o(.constdata)
    APBPrescTable                            0x080058a8   Data           8  system_stm32f4xx.o(.constdata)
    Region$$Table$$Base                      0x080059d0   Number         0  anon$$obj.o(Region$$Table)
    Region$$Table$$Limit                     0x080059f0   Number         0  anon$$obj.o(Region$$Table)
    rx_buff                                  0x20000000   Data           1  main.o(.data)
    tim_cnt_20                               0x20000002   Data           2  main.o(.data)
    tim_cnt_15                               0x20000004   Data           2  main.o(.data)
    tim_cnt_10                               0x20000006   Data           2  main.o(.data)
    encoder_filter_index                     0x20000008   Data           4  main.o(.data)
    wheel1_speed                             0x2000000c   Data           4  main.o(.data)
    wheel2_speed                             0x20000010   Data           4  main.o(.data)
    wheel3_speed                             0x20000014   Data           4  main.o(.data)
    wheel4_speed                             0x20000018   Data           4  main.o(.data)
    angle_tmp1                               0x2000001c   Data           4  main.o(.data)
    encoder1                                 0x20000020   Data           4  main.o(.data)
    encoder2                                 0x20000024   Data           4  main.o(.data)
    encoder3                                 0x20000028   Data           4  main.o(.data)
    encoder4                                 0x2000002c   Data           4  main.o(.data)
    uwTickFreq                               0x20000030   Data           1  stm32f4xx_hal.o(.data)
    uwTickPrio                               0x20000034   Data           4  stm32f4xx_hal.o(.data)
    uwTick                                   0x20000038   Data           4  stm32f4xx_hal.o(.data)
    SystemCoreClock                          0x2000003c   Data           4  system_stm32f4xx.o(.data)
    __stdout                                 0x20000040   Data           4  stdout.o(.data)
    encoder_filter1                          0x20000048   Data          20  main.o(.bss)
    encoder_filter2                          0x2000005c   Data          20  main.o(.bss)
    encoder_filter3                          0x20000070   Data          20  main.o(.bss)
    encoder_filter4                          0x20000084   Data          20  main.o(.bss)
    wheel_speed_1                            0x20000098   Data          56  main.o(.bss)
    wheel_speed_2                            0x200000d0   Data          56  main.o(.bss)
    wheel_speed_3                            0x20000108   Data          56  main.o(.bss)
    wheel_speed_4                            0x20000140   Data          56  main.o(.bss)
    htim1                                    0x20000178   Data          72  tim.o(.bss)
    htim2                                    0x200001c0   Data          72  tim.o(.bss)
    htim3                                    0x20000208   Data          72  tim.o(.bss)
    htim4                                    0x20000250   Data          72  tim.o(.bss)
    htim5                                    0x20000298   Data          72  tim.o(.bss)
    htim8                                    0x200002e0   Data          72  tim.o(.bss)
    htim9                                    0x20000328   Data          72  tim.o(.bss)
    htim10                                   0x20000370   Data          72  tim.o(.bss)
    htim11                                   0x200003b8   Data          72  tim.o(.bss)
    huart5                                   0x20000400   Data          68  usart.o(.bss)
    huart1                                   0x20000444   Data          68  usart.o(.bss)
    __initial_sp                             0x20000888   Data           0  startup_stm32f429xx.o(STACK)



==============================================================================

Memory Map of the image

  Image Entry point : 0x080001ad

  Load Region LR_IROM1 (Base: 0x08000000, Size: 0x00005a38, Max: 0x00100000, ABSOLUTE)

    Execution Region ER_IROM1 (Exec base: 0x08000000, Load base: 0x08000000, Size: 0x000059f0, Max: 0x00100000, ABSOLUTE)

    Exec Addr    Load Addr    Size         Type   Attr      Idx    E Section Name        Object

    0x08000000   0x08000000   0x000001ac   Data   RO            3    RESET               startup_stm32f429xx.o
    0x080001ac   0x080001ac   0x00000000   Code   RO         3347  * .ARM.Collect$$$$00000000  mc_w.l(entry.o)
    0x080001ac   0x080001ac   0x00000004   Code   RO         3659    .ARM.Collect$$$$00000001  mc_w.l(entry2.o)
    0x080001b0   0x080001b0   0x00000004   Code   RO         3662    .ARM.Collect$$$$00000004  mc_w.l(entry5.o)
    0x080001b4   0x080001b4   0x00000000   Code   RO         3664    .ARM.Collect$$$$00000008  mc_w.l(entry7b.o)
    0x080001b4   0x080001b4   0x00000000   Code   RO         3666    .ARM.Collect$$$$0000000A  mc_w.l(entry8b.o)
    0x080001b4   0x080001b4   0x00000008   Code   RO         3667    .ARM.Collect$$$$0000000B  mc_w.l(entry9a.o)
    0x080001bc   0x080001bc   0x00000000   Code   RO         3669    .ARM.Collect$$$$0000000D  mc_w.l(entry10a.o)
    0x080001bc   0x080001bc   0x00000000   Code   RO         3671    .ARM.Collect$$$$0000000F  mc_w.l(entry11a.o)
    0x080001bc   0x080001bc   0x00000004   Code   RO         3660    .ARM.Collect$$$$00002712  mc_w.l(entry2.o)
    0x080001c0   0x080001c0   0x00000024   Code   RO            4    .text               startup_stm32f429xx.o
    0x080001e4   0x080001e4   0x00000062   Code   RO         3350    .text               mc_w.l(uldiv.o)
    0x08000246   0x08000246   0x00000024   Code   RO         3352    .text               mc_w.l(memseta.o)
    0x0800026a   0x0800026a   0x0000014e   Code   RO         3615    .text               mf_w.l(dadd.o)
    0x080003b8   0x080003b8   0x000000e4   Code   RO         3617    .text               mf_w.l(dmul.o)
    0x0800049c   0x0800049c   0x00000022   Code   RO         3619    .text               mf_w.l(dflti.o)
    0x080004be   0x080004be   0x0000003e   Code   RO         3621    .text               mf_w.l(dfixi.o)
    0x080004fc   0x080004fc   0x00000026   Code   RO         3623    .text               mf_w.l(f2d.o)
    0x08000522   0x08000522   0x00000002   PAD
    0x08000524   0x08000524   0x00000030   Code   RO         3625    .text               mf_w.l(cdcmple.o)
    0x08000554   0x08000554   0x00000030   Code   RO         3627    .text               mf_w.l(cdrcmple.o)
    0x08000584   0x08000584   0x00000038   Code   RO         3629    .text               mf_w.l(d2f.o)
    0x080005bc   0x080005bc   0x0000002c   Code   RO         3674    .text               mc_w.l(uidiv.o)
    0x080005e8   0x080005e8   0x0000001e   Code   RO         3676    .text               mc_w.l(llshl.o)
    0x08000606   0x08000606   0x00000020   Code   RO         3678    .text               mc_w.l(llushr.o)
    0x08000626   0x08000626   0x00000024   Code   RO         3680    .text               mc_w.l(llsshr.o)
    0x0800064a   0x0800064a   0x00000000   Code   RO         3689    .text               mc_w.l(iusefp.o)
    0x0800064a   0x0800064a   0x0000006e   Code   RO         3690    .text               mf_w.l(fepilogue.o)
    0x080006b8   0x080006b8   0x000000ba   Code   RO         3692    .text               mf_w.l(depilogue.o)
    0x08000772   0x08000772   0x000000de   Code   RO         3694    .text               mf_w.l(ddiv.o)
    0x08000850   0x08000850   0x00000030   Code   RO         3698    .text               mf_w.l(dfixul.o)
    0x08000880   0x08000880   0x00000024   Code   RO         3710    .text               mc_w.l(init.o)
    0x080008a4   0x080008a4   0x0000001a   Code   RO         3712    .text               mf_w.l(dfltui.o)
    0x080008be   0x080008be   0x00000002   Code   RO          632    i.BusFault_Handler  stm32f4xx_it.o
    0x080008c0   0x080008c0   0x00000002   Code   RO          633    i.DebugMon_Handler  stm32f4xx_it.o
    0x080008c2   0x080008c2   0x00000004   Code   RO          339    i.Error_Handler     main.o
    0x080008c6   0x080008c6   0x00000092   Code   RO         2231    i.HAL_DMA_Abort     stm32f4xx_hal_dma.o
    0x08000958   0x08000958   0x00000024   Code   RO         2232    i.HAL_DMA_Abort_IT  stm32f4xx_hal_dma.o
    0x0800097c   0x0800097c   0x00000024   Code   RO         2668    i.HAL_Delay         stm32f4xx_hal.o
    0x080009a0   0x080009a0   0x00000234   Code   RO         2124    i.HAL_GPIO_Init     stm32f4xx_hal_gpio.o
    0x08000bd4   0x08000bd4   0x0000000a   Code   RO         2128    i.HAL_GPIO_WritePin  stm32f4xx_hal_gpio.o
    0x08000bde   0x08000bde   0x00000002   PAD
    0x08000be0   0x08000be0   0x0000000c   Code   RO         2676    i.HAL_GetTick       stm32f4xx_hal.o
    0x08000bec   0x08000bec   0x00000010   Code   RO         2682    i.HAL_IncTick       stm32f4xx_hal.o
    0x08000bfc   0x08000bfc   0x00000034   Code   RO         2683    i.HAL_Init          stm32f4xx_hal.o
    0x08000c30   0x08000c30   0x00000040   Code   RO         2684    i.HAL_InitTick      stm32f4xx_hal.o
    0x08000c70   0x08000c70   0x00000030   Code   RO          720    i.HAL_MspInit       stm32f4xx_hal_msp.o
    0x08000ca0   0x08000ca0   0x0000001a   Code   RO         2531    i.HAL_NVIC_EnableIRQ  stm32f4xx_hal_cortex.o
    0x08000cba   0x08000cba   0x00000002   PAD
    0x08000cbc   0x08000cbc   0x00000040   Code   RO         2537    i.HAL_NVIC_SetPriority  stm32f4xx_hal_cortex.o
    0x08000cfc   0x08000cfc   0x00000024   Code   RO         2538    i.HAL_NVIC_SetPriorityGrouping  stm32f4xx_hal_cortex.o
    0x08000d20   0x08000d20   0x00000070   Code   RO         2460    i.HAL_PWREx_EnableOverDrive  stm32f4xx_hal_pwr_ex.o
    0x08000d90   0x08000d90   0x00000134   Code   RO         1718    i.HAL_RCC_ClockConfig  stm32f4xx_hal_rcc.o
    0x08000ec4   0x08000ec4   0x00000020   Code   RO         1725    i.HAL_RCC_GetPCLK1Freq  stm32f4xx_hal_rcc.o
    0x08000ee4   0x08000ee4   0x00000020   Code   RO         1726    i.HAL_RCC_GetPCLK2Freq  stm32f4xx_hal_rcc.o
    0x08000f04   0x08000f04   0x00000064   Code   RO         1727    i.HAL_RCC_GetSysClockFreq  stm32f4xx_hal_rcc.o
    0x08000f68   0x08000f68   0x0000036c   Code   RO         1730    i.HAL_RCC_OscConfig  stm32f4xx_hal_rcc.o
    0x080012d4   0x080012d4   0x00000028   Code   RO         2542    i.HAL_SYSTICK_Config  stm32f4xx_hal_cortex.o
    0x080012fc   0x080012fc   0x00000002   Code   RO         1450    i.HAL_TIMEx_BreakCallback  stm32f4xx_hal_tim_ex.o
    0x080012fe   0x080012fe   0x00000002   Code   RO         1451    i.HAL_TIMEx_CommutCallback  stm32f4xx_hal_tim_ex.o
    0x08001300   0x08001300   0x00000054   Code   RO         1453    i.HAL_TIMEx_ConfigBreakDeadTime  stm32f4xx_hal_tim_ex.o
    0x08001354   0x08001354   0x00000090   Code   RO         1469    i.HAL_TIMEx_MasterConfigSynchronization  stm32f4xx_hal_tim_ex.o
    0x080013e4   0x080013e4   0x0000005a   Code   RO          746    i.HAL_TIM_Base_Init  stm32f4xx_hal_tim.o
    0x0800143e   0x0800143e   0x00000002   PAD
    0x08001440   0x08001440   0x00000074   Code   RO          465    i.HAL_TIM_Base_MspInit  tim.o
    0x080014b4   0x080014b4   0x00000080   Code   RO          751    i.HAL_TIM_Base_Start_IT  stm32f4xx_hal_tim.o
    0x08001534   0x08001534   0x000000dc   Code   RO          755    i.HAL_TIM_ConfigClockSource  stm32f4xx_hal_tim.o
    0x08001610   0x08001610   0x000000a4   Code   RO          767    i.HAL_TIM_Encoder_Init  stm32f4xx_hal_tim.o
    0x080016b4   0x080016b4   0x00000148   Code   RO          467    i.HAL_TIM_Encoder_MspInit  tim.o
    0x080017fc   0x080017fc   0x0000008e   Code   RO          770    i.HAL_TIM_Encoder_Start  stm32f4xx_hal_tim.o
    0x0800188a   0x0800188a   0x00000002   Code   RO          780    i.HAL_TIM_IC_CaptureCallback  stm32f4xx_hal_tim.o
    0x0800188c   0x0800188c   0x00000166   Code   RO          794    i.HAL_TIM_IRQHandler  stm32f4xx_hal_tim.o
    0x080019f2   0x080019f2   0x00000002   PAD
    0x080019f4   0x080019f4   0x000000b4   Code   RO          468    i.HAL_TIM_MspPostInit  tim.o
    0x08001aa8   0x08001aa8   0x00000002   Code   RO          797    i.HAL_TIM_OC_DelayElapsedCallback  stm32f4xx_hal_tim.o
    0x08001aaa   0x08001aaa   0x000000cc   Code   RO          818    i.HAL_TIM_PWM_ConfigChannel  stm32f4xx_hal_tim.o
    0x08001b76   0x08001b76   0x0000005a   Code   RO          821    i.HAL_TIM_PWM_Init  stm32f4xx_hal_tim.o
    0x08001bd0   0x08001bd0   0x00000040   Code   RO          470    i.HAL_TIM_PWM_MspInit  tim.o
    0x08001c10   0x08001c10   0x00000002   Code   RO          824    i.HAL_TIM_PWM_PulseFinishedCallback  stm32f4xx_hal_tim.o
    0x08001c12   0x08001c12   0x00000002   PAD
    0x08001c14   0x08001c14   0x000000c8   Code   RO          826    i.HAL_TIM_PWM_Start  stm32f4xx_hal_tim.o
    0x08001cdc   0x08001cdc   0x000002f0   Code   RO          340    i.HAL_TIM_PeriodElapsedCallback  main.o
    0x08001fcc   0x08001fcc   0x00000002   Code   RO          837    i.HAL_TIM_TriggerCallback  stm32f4xx_hal_tim.o
    0x08001fce   0x08001fce   0x00000002   Code   RO         2942    i.HAL_UARTEx_RxEventCallback  stm32f4xx_hal_uart.o
    0x08001fd0   0x08001fd0   0x00000020   Code   RO          341    i.HAL_UART_ErrorCallback  main.o
    0x08001ff0   0x08001ff0   0x00000268   Code   RO         2959    i.HAL_UART_IRQHandler  stm32f4xx_hal_uart.o
    0x08002258   0x08002258   0x00000062   Code   RO         2960    i.HAL_UART_Init     stm32f4xx_hal_uart.o
    0x080022ba   0x080022ba   0x00000002   PAD
    0x080022bc   0x080022bc   0x000000ec   Code   RO          585    i.HAL_UART_MspInit  usart.o
    0x080023a8   0x080023a8   0x0000002a   Code   RO         2965    i.HAL_UART_Receive_IT  stm32f4xx_hal_uart.o
    0x080023d2   0x080023d2   0x00000002   PAD
    0x080023d4   0x080023d4   0x0000004c   Code   RO          342    i.HAL_UART_RxCpltCallback  main.o
    0x08002420   0x08002420   0x000000b2   Code   RO         2968    i.HAL_UART_Transmit  stm32f4xx_hal_uart.o
    0x080024d2   0x080024d2   0x00000002   Code   RO         2971    i.HAL_UART_TxCpltCallback  stm32f4xx_hal_uart.o
    0x080024d4   0x080024d4   0x00000002   Code   RO          634    i.HardFault_Handler  stm32f4xx_it.o
    0x080024d6   0x080024d6   0x00000002   PAD
    0x080024d8   0x080024d8   0x00000134   Code   RO          440    i.MX_GPIO_Init      gpio.o
    0x0800260c   0x0800260c   0x00000034   Code   RO          471    i.MX_TIM10_Init     tim.o
    0x08002640   0x08002640   0x00000068   Code   RO          472    i.MX_TIM11_Init     tim.o
    0x080026a8   0x080026a8   0x0000006c   Code   RO          473    i.MX_TIM1_Init      tim.o
    0x08002714   0x08002714   0x00000068   Code   RO          474    i.MX_TIM2_Init      tim.o
    0x0800277c   0x0800277c   0x0000006c   Code   RO          475    i.MX_TIM3_Init      tim.o
    0x080027e8   0x080027e8   0x0000006c   Code   RO          476    i.MX_TIM4_Init      tim.o
    0x08002854   0x08002854   0x00000068   Code   RO          477    i.MX_TIM5_Init      tim.o
    0x080028bc   0x080028bc   0x000000b4   Code   RO          478    i.MX_TIM8_Init      tim.o
    0x08002970   0x08002970   0x0000005c   Code   RO          479    i.MX_TIM9_Init      tim.o
    0x080029cc   0x080029cc   0x00000038   Code   RO          586    i.MX_UART5_Init     usart.o
    0x08002a04   0x08002a04   0x00000038   Code   RO          587    i.MX_USART1_UART_Init  usart.o
    0x08002a3c   0x08002a3c   0x00000002   Code   RO          635    i.MemManage_Handler  stm32f4xx_it.o
    0x08002a3e   0x08002a3e   0x00000002   Code   RO          636    i.NMI_Handler       stm32f4xx_it.o
    0x08002a40   0x08002a40   0x000000ec   Code   RO           13    i.PIDCalc           mcnamu_wheel_drive.o
    0x08002b2c   0x08002b2c   0x00000006   Code   RO          343    i.PIDInit           main.o
    0x08002b32   0x08002b32   0x00000002   Code   RO          637    i.PendSV_Handler    stm32f4xx_it.o
    0x08002b34   0x08002b34   0x00000094   Code   RO          344    i.Read_Encoder      main.o
    0x08002bc8   0x08002bc8   0x00000002   Code   RO          638    i.SVC_Handler       stm32f4xx_it.o
    0x08002bca   0x08002bca   0x00000004   Code   RO          639    i.SysTick_Handler   stm32f4xx_it.o
    0x08002bce   0x08002bce   0x00000002   PAD
    0x08002bd0   0x08002bd0   0x000000a0   Code   RO          345    i.SystemClock_Config  main.o
    0x08002c70   0x08002c70   0x0000001c   Code   RO         3289    i.SystemInit        system_stm32f4xx.o
    0x08002c8c   0x08002c8c   0x0000000c   Code   RO          640    i.TIM5_IRQHandler   stm32f4xx_it.o
    0x08002c98   0x08002c98   0x000000c8   Code   RO          839    i.TIM_Base_SetConfig  stm32f4xx_hal_tim.o
    0x08002d60   0x08002d60   0x0000001a   Code   RO          840    i.TIM_CCxChannelCmd  stm32f4xx_hal_tim.o
    0x08002d7a   0x08002d7a   0x00000014   Code   RO          850    i.TIM_ETR_SetConfig  stm32f4xx_hal_tim.o
    0x08002d8e   0x08002d8e   0x00000010   Code   RO          851    i.TIM_ITRx_SetConfig  stm32f4xx_hal_tim.o
    0x08002d9e   0x08002d9e   0x00000002   PAD
    0x08002da0   0x08002da0   0x00000060   Code   RO          852    i.TIM_OC1_SetConfig  stm32f4xx_hal_tim.o
    0x08002e00   0x08002e00   0x0000006c   Code   RO          853    i.TIM_OC2_SetConfig  stm32f4xx_hal_tim.o
    0x08002e6c   0x08002e6c   0x00000068   Code   RO          854    i.TIM_OC3_SetConfig  stm32f4xx_hal_tim.o
    0x08002ed4   0x08002ed4   0x00000050   Code   RO          855    i.TIM_OC4_SetConfig  stm32f4xx_hal_tim.o
    0x08002f24   0x08002f24   0x00000022   Code   RO          857    i.TIM_TI1_ConfigInputStage  stm32f4xx_hal_tim.o
    0x08002f46   0x08002f46   0x00000024   Code   RO          859    i.TIM_TI2_ConfigInputStage  stm32f4xx_hal_tim.o
    0x08002f6a   0x08002f6a   0x00000002   PAD
    0x08002f6c   0x08002f6c   0x0000000c   Code   RO          641    i.UART5_IRQHandler  stm32f4xx_it.o
    0x08002f78   0x08002f78   0x00000010   Code   RO         2973    i.UART_DMAAbortOnError  stm32f4xx_hal_uart.o
    0x08002f88   0x08002f88   0x0000004e   Code   RO         2983    i.UART_EndRxTransfer  stm32f4xx_hal_uart.o
    0x08002fd6   0x08002fd6   0x000000c0   Code   RO         2985    i.UART_Receive_IT   stm32f4xx_hal_uart.o
    0x08003096   0x08003096   0x00000002   PAD
    0x08003098   0x08003098   0x0000010c   Code   RO         2986    i.UART_SetConfig    stm32f4xx_hal_uart.o
    0x080031a4   0x080031a4   0x00000036   Code   RO         2988    i.UART_Start_Receive_IT  stm32f4xx_hal_uart.o
    0x080031da   0x080031da   0x00000078   Code   RO         2989    i.UART_WaitOnFlagUntilTimeout  stm32f4xx_hal_uart.o
    0x08003252   0x08003252   0x00000002   Code   RO          642    i.UsageFault_Handler  stm32f4xx_it.o
    0x08003254   0x08003254   0x00000020   Code   RO         3587    i.__0printf         mc_w.l(printfa.o)
    0x08003274   0x08003274   0x00000030   Code   RO         3706    i.__ARM_fpclassify  m_wm.l(fpclassify.o)
    0x080032a4   0x080032a4   0x00000020   Code   RO         2544    i.__NVIC_SetPriority  stm32f4xx_hal_cortex.o
    0x080032c4   0x080032c4   0x00000004   PAD
    0x080032c8   0x080032c8   0x000000c8   Code   RO         3323    i.__hardfp_cos      m_wm.l(cos.o)
    0x08003390   0x08003390   0x000000c8   Code   RO         3335    i.__hardfp_sin      m_wm.l(sin.o)
    0x08003458   0x08003458   0x00000438   Code   RO         3648    i.__ieee754_rem_pio2  m_wm.l(rred.o)
    0x08003890   0x08003890   0x00000170   Code   RO         3631    i.__kernel_cos      m_wm.l(cos_i.o)
    0x08003a00   0x08003a00   0x000000f8   Code   RO         3708    i.__kernel_poly     m_wm.l(poly.o)
    0x08003af8   0x08003af8   0x00000130   Code   RO         3653    i.__kernel_sin      m_wm.l(sin_i.o)
    0x08003c28   0x08003c28   0x00000014   Code   RO         3635    i.__mathlib_dbl_infnan  m_wm.l(dunder.o)
    0x08003c3c   0x08003c3c   0x00000004   PAD
    0x08003c40   0x08003c40   0x00000020   Code   RO         3637    i.__mathlib_dbl_invalid  m_wm.l(dunder.o)
    0x08003c60   0x08003c60   0x00000020   Code   RO         3640    i.__mathlib_dbl_underflow  m_wm.l(dunder.o)
    0x08003c80   0x08003c80   0x0000000e   Code   RO         3716    i.__scatterload_copy  mc_w.l(handlers.o)
    0x08003c8e   0x08003c8e   0x00000002   Code   RO         3717    i.__scatterload_null  mc_w.l(handlers.o)
    0x08003c90   0x08003c90   0x0000000e   Code   RO         3718    i.__scatterload_zeroinit  mc_w.l(handlers.o)
    0x08003c9e   0x08003c9e   0x00000002   PAD
    0x08003ca0   0x08003ca0   0x0000000c   Code   RO         3684    i.__set_errno       mc_w.l(errno.o)
    0x08003cac   0x08003cac   0x00000184   Code   RO         3594    i._fp_digits        mc_w.l(printfa.o)
    0x08003e30   0x08003e30   0x000006dc   Code   RO         3595    i._printf_core      mc_w.l(printfa.o)
    0x0800450c   0x0800450c   0x00000024   Code   RO         3596    i._printf_post_padding  mc_w.l(printfa.o)
    0x08004530   0x08004530   0x0000002e   Code   RO         3597    i._printf_pre_padding  mc_w.l(printfa.o)
    0x0800455e   0x0800455e   0x00000002   PAD
    0x08004560   0x08004560   0x00000110   Code   RO           14    i.all_directions    mcnamu_wheel_drive.o
    0x08004670   0x08004670   0x00000018   Code   RO         3702    i.fabs              m_wm.l(fabs.o)
    0x08004688   0x08004688   0x0000001c   Code   RO          346    i.fputc             main.o
    0x080046a4   0x080046a4   0x0000002c   Code   RO          186    i.ips114_clear      seekfree_ips114_spi.o
    0x080046d0   0x080046d0   0x00000078   Code   RO          187    i.ips114_display_chinese  seekfree_ips114_spi.o
    0x08004748   0x08004748   0x000001c0   Code   RO          192    i.ips114_init       seekfree_ips114_spi.o
    0x08004908   0x08004908   0x00000042   Code   RO          193    i.ips114_set_region  seekfree_ips114_spi.o
    0x0800494a   0x0800494a   0x00000002   PAD
    0x0800494c   0x0800494c   0x00000064   Code   RO          194    i.ips114_showchar   seekfree_ips114_spi.o
    0x080049b0   0x080049b0   0x0000002e   Code   RO          197    i.ips114_showstr    seekfree_ips114_spi.o
    0x080049de   0x080049de   0x00000080   Code   RO          198    i.ips114_showuint16  seekfree_ips114_spi.o
    0x08004a5e   0x08004a5e   0x00000002   PAD
    0x08004a60   0x08004a60   0x00000080   Code   RO          200    i.ips114_writeData  seekfree_ips114_spi.o
    0x08004ae0   0x08004ae0   0x00000080   Code   RO          201    i.ips114_writeIndex  seekfree_ips114_spi.o
    0x08004b60   0x08004b60   0x00000084   Code   RO          202    i.ips114_writedata_16bit  seekfree_ips114_spi.o
    0x08004be4   0x08004be4   0x00000300   Code   RO          347    i.main              main.o
    0x08004ee4   0x08004ee4   0x0000007c   Code   RO           15    i.wheel1_speed_set  mcnamu_wheel_drive.o
    0x08004f60   0x08004f60   0x00000070   Code   RO           16    i.wheel2_speed_set  mcnamu_wheel_drive.o
    0x08004fd0   0x08004fd0   0x0000007c   Code   RO           17    i.wheel3_speed_set  mcnamu_wheel_drive.o
    0x0800504c   0x0800504c   0x0000007c   Code   RO           18    i.wheel4_speed_set  mcnamu_wheel_drive.o
    0x080050c8   0x080050c8   0x000005f0   Data   RO          313    .constdata          seekfree_font.o
    0x080056b8   0x080056b8   0x000001e0   Data   RO          315    .constdata          seekfree_font.o
    0x08005898   0x08005898   0x00000010   Data   RO         3290    .constdata          system_stm32f4xx.o
    0x080058a8   0x080058a8   0x00000008   Data   RO         3291    .constdata          system_stm32f4xx.o
    0x080058b0   0x080058b0   0x00000030   Data   RO         3632    .constdata          m_wm.l(cos_i.o)
    0x080058e0   0x080058e0   0x000000c8   Data   RO         3650    .constdata          m_wm.l(rred.o)
    0x080059a8   0x080059a8   0x00000028   Data   RO         3654    .constdata          m_wm.l(sin_i.o)
    0x080059d0   0x080059d0   0x00000020   Data   RO         3714    Region$$Table       anon$$obj.o


    Execution Region RW_IRAM2 (Exec base: 0x10000000, Load base: 0x08005a38, Size: 0x00000000, Max: 0x00010000, ABSOLUTE)

    **** No section assigned to this execution region ****


    Execution Region RW_IRAM1 (Exec base: 0x20000000, Load base: 0x080059f0, Size: 0x00000888, Max: 0x00030000, ABSOLUTE)

    Exec Addr    Load Addr    Size         Type   Attr      Idx    E Section Name        Object

    0x20000000   0x080059f0   0x00000030   Data   RW          350    .data               main.o
    0x20000030   0x08005a20   0x0000000c   Data   RW         2690    .data               stm32f4xx_hal.o
    0x2000003c   0x08005a2c   0x00000004   Data   RW         3292    .data               system_stm32f4xx.o
    0x20000040   0x08005a30   0x00000004   Data   RW         3673    .data               mc_w.l(stdout.o)
    0x20000044   0x08005a34   0x00000004   Data   RW         3685    .data               mc_w.l(errno.o)
    0x20000048        -       0x00000130   Zero   RW          349    .bss                main.o
    0x20000178        -       0x00000288   Zero   RW          480    .bss                tim.o
    0x20000400        -       0x00000088   Zero   RW          588    .bss                usart.o
    0x20000488        -       0x00000400   Zero   RW            1    STACK               startup_stm32f429xx.o


==============================================================================

Image component sizes


      Code (inc. data)   RO Data    RW Data    ZI Data      Debug   Object Name

       308         20          0          0          0       1099   gpio.o
      1974        326          0         48        304       8937   main.o
       992        162          0          0          0     757845   mcnamu_wheel_drive.o
         0          0       2000          0          0        583   seekfree_font.o
      1340         40          0          0          0       7613   seekfree_ips114_spi.o
        36          8        428          0       1024        824   startup_stm32f429xx.o
       180         28          0         12          0       9461   stm32f4xx_hal.o
       198         14          0          0          0      33875   stm32f4xx_hal_cortex.o
       182          0          0          0          0       2063   stm32f4xx_hal_dma.o
       574         54          0          0          0       2172   stm32f4xx_hal_gpio.o
        48          6          0          0          0        830   stm32f4xx_hal_msp.o
       112         14          0          0          0       1264   stm32f4xx_hal_pwr_ex.o
      1348         76          0          0          0       5168   stm32f4xx_hal_rcc.o
      2324        136          0          0          0      18031   stm32f4xx_hal_tim.o
       232         28          0          0          0       3213   stm32f4xx_hal_tim_ex.o
      1666         16          0          0          0      10655   stm32f4xx_hal_uart.o
        44         12          0          0          0       4963   stm32f4xx_it.o
        28          6         24          4          0       1119   system_stm32f4xx.o
      1648        172          0          0        648       9184   tim.o
       348         40          0          0        136       2421   usart.o

    ----------------------------------------------------------------------
     13614       1158       2484         64       2112     881320   Object Totals
         0          0         32          0          0          0   (incl. Generated)
        32          0          0          0          0          0   (incl. Padding)

    ----------------------------------------------------------------------

      Code (inc. data)   RO Data    RW Data    ZI Data      Debug   Library Member Name

       200         20          0          0          0        164   cos.o
       368         46         48          0          0        200   cos_i.o
        84         16          0          0          0        372   dunder.o
        24          0          0          0          0        124   fabs.o
        48          0          0          0          0        124   fpclassify.o
       248          0          0          0          0        152   poly.o
      1080        142        200          0          0        188   rred.o
       200         20          0          0          0        164   sin.o
       304         24         40          0          0        208   sin_i.o
         0          0          0          0          0          0   entry.o
         0          0          0          0          0          0   entry10a.o
         0          0          0          0          0          0   entry11a.o
         8          4          0          0          0          0   entry2.o
         4          0          0          0          0          0   entry5.o
         0          0          0          0          0          0   entry7b.o
         0          0          0          0          0          0   entry8b.o
         8          4          0          0          0          0   entry9a.o
        12          6          0          4          0         68   errno.o
        30          0          0          0          0          0   handlers.o
        36          8          0          0          0         68   init.o
         0          0          0          0          0          0   iusefp.o
        30          0          0          0          0         68   llshl.o
        36          0          0          0          0         68   llsshr.o
        32          0          0          0          0         68   llushr.o
        36          0          0          0          0        108   memseta.o
      2258         90          0          0          0        452   printfa.o
         0          0          0          4          0          0   stdout.o
        44          0          0          0          0         80   uidiv.o
        98          0          0          0          0         92   uldiv.o
        48          0          0          0          0         68   cdcmple.o
        48          0          0          0          0         68   cdrcmple.o
        56          0          0          0          0         88   d2f.o
       334          0          0          0          0        148   dadd.o
       222          0          0          0          0        100   ddiv.o
       186          0          0          0          0        176   depilogue.o
        62          0          0          0          0         80   dfixi.o
        48          0          0          0          0         68   dfixul.o
        34          0          0          0          0         76   dflti.o
        26          0          0          0          0         76   dfltui.o
       228          0          0          0          0         96   dmul.o
        38          0          0          0          0         68   f2d.o
       110          0          0          0          0        168   fepilogue.o

    ----------------------------------------------------------------------
      6638        380        288          8          0       4048   Library Totals
        10          0          0          0          0          0   (incl. Padding)

    ----------------------------------------------------------------------

      Code (inc. data)   RO Data    RW Data    ZI Data      Debug   Library Name

      2556        268        288          0          0       1696   m_wm.l
      2632        112          0          8          0       1072   mc_w.l
      1440          0          0          0          0       1280   mf_w.l

    ----------------------------------------------------------------------
      6638        380        288          8          0       4048   Library Totals

    ----------------------------------------------------------------------

==============================================================================


      Code (inc. data)   RO Data    RW Data    ZI Data      Debug   

     20252       1538       2772         72       2112     872576   Grand Totals
     20252       1538       2772         72       2112     872576   ELF Image Totals
     20252       1538       2772         72          0          0   ROM Totals

==============================================================================

    Total RO  Size (Code + RO Data)                23024 (  22.48kB)
    Total RW  Size (RW Data + ZI Data)              2184 (   2.13kB)
    Total ROM Size (Code + RO Data + RW Data)      23096 (  22.55kB)

==============================================================================

